Archive member included to satisfy reference by file (symbol)

../../libDaisy//build/libdaisy.a(daisy_seed.o)
                              build/LoopFX.o (daisy::DaisySeed::StartAudio(void (*)(float const* const*, float**, unsigned int)))
../../libDaisy//build/libdaisy.a(codec_ak4556.o)
                              ../../libDaisy//build/libdaisy.a(daisy_seed.o) (daisy::Ak4556::Init(dsy_gpio_pin))
../../libDaisy//build/libdaisy.a(codec_wm8731.o)
                              ../../libDaisy//build/libdaisy.a(daisy_seed.o) (daisy::Wm8731::Init(daisy::Wm8731::Config const&, daisy::I2CHandle))
../../libDaisy//build/libdaisy.a(sdram.o)
                              ../../libDaisy//build/libdaisy.a(daisy_seed.o) (SdramHandle::Init())
../../libDaisy//build/libdaisy.a(audio.o)
                              ../../libDaisy//build/libdaisy.a(daisy_seed.o) (daisy::AudioHandle::Init(daisy::AudioHandle::Config const&, daisy::SaiHandle))
../../libDaisy//build/libdaisy.a(ctrl.o)
                              build/LoopFX.o (daisy::AnalogControl::Init(unsigned short*, float, bool, bool, float))
../../libDaisy//build/libdaisy.a(encoder.o)
                              build/LoopFX.o (daisy::Encoder::Init(dsy_gpio_pin, dsy_gpio_pin, dsy_gpio_pin, float))
../../libDaisy//build/libdaisy.a(switch.o)
                              build/LoopFX.o (daisy::Switch::Init(dsy_gpio_pin, float))
../../libDaisy//build/libdaisy.a(adc.o)
                              build/LoopFX.o (daisy::AdcChannelConfig::InitSingle(dsy_gpio_pin))
../../libDaisy//build/libdaisy.a(gpio.o)
                              ../../libDaisy//build/libdaisy.a(daisy_seed.o) (dsy_gpio_init)
../../libDaisy//build/libdaisy.a(i2c.o)
                              build/LoopFX.o (daisy::I2CHandle::Init(daisy::I2CHandle::Config const&))
../../libDaisy//build/libdaisy.a(qspi.o)
                              ../../libDaisy//build/libdaisy.a(daisy_seed.o) (daisy::QSPIHandle::Init(daisy::QSPIHandle::Config const&))
../../libDaisy//build/libdaisy.a(sai.o)
                              ../../libDaisy//build/libdaisy.a(daisy_seed.o) (daisy::SaiHandle::Init(daisy::SaiHandle::Config const&))
../../libDaisy//build/libdaisy.a(system.o)
                              ../../libDaisy//build/libdaisy.a(daisy_seed.o) (daisy::System::DeInit())
../../libDaisy//build/libdaisy.a(system_stm32h7xx.o)
                              build/startup_stm32h750xx.o (SystemInit)
../../libDaisy//build/libdaisy.a(usbd_conf.o)
                              ../../libDaisy//build/libdaisy.a(system.o) (hpcd_USB_OTG_HS)
../../libDaisy//build/libdaisy.a(usbh_conf.o)
                              ../../libDaisy//build/libdaisy.a(system.o) (hhcd_USB_OTG_HS)
../../libDaisy//build/libdaisy.a(hal_map.o)
                              ../../libDaisy//build/libdaisy.a(gpio.o) (dsy_hal_map_get_port)
../../libDaisy//build/libdaisy.a(oled_fonts.o)
                              build/LoopFX.o (Font_7x10)
../../libDaisy//build/libdaisy.a(stm32h7xx_hal.o)
                              ../../libDaisy//build/libdaisy.a(system.o) (HAL_Init)
../../libDaisy//build/libdaisy.a(stm32h7xx_hal_adc.o)
                              ../../libDaisy//build/libdaisy.a(adc.o) (HAL_ADC_ConfigChannel)
../../libDaisy//build/libdaisy.a(stm32h7xx_hal_adc_ex.o)
                              ../../libDaisy//build/libdaisy.a(adc.o) (HAL_ADCEx_Calibration_Start)
../../libDaisy//build/libdaisy.a(stm32h7xx_hal_cortex.o)
                              ../../libDaisy//build/libdaisy.a(stm32h7xx_hal.o) (HAL_NVIC_SetPriorityGrouping)
../../libDaisy//build/libdaisy.a(stm32h7xx_hal_dma.o)
                              ../../libDaisy//build/libdaisy.a(adc.o) (HAL_DMA_Init)
../../libDaisy//build/libdaisy.a(stm32h7xx_hal_gpio.o)
                              ../../libDaisy//build/libdaisy.a(sdram.o) (HAL_GPIO_Init)
../../libDaisy//build/libdaisy.a(stm32h7xx_hal_hcd.o)
                              ../../libDaisy//build/libdaisy.a(usbh_conf.o) (HAL_HCD_HC_Init)
../../libDaisy//build/libdaisy.a(stm32h7xx_hal_i2c.o)
                              ../../libDaisy//build/libdaisy.a(i2c.o) (HAL_I2C_Init)
../../libDaisy//build/libdaisy.a(stm32h7xx_hal_i2c_ex.o)
                              ../../libDaisy//build/libdaisy.a(i2c.o) (HAL_I2CEx_ConfigAnalogFilter)
../../libDaisy//build/libdaisy.a(stm32h7xx_hal_pcd.o)
                              ../../libDaisy//build/libdaisy.a(usbd_conf.o) (HAL_PCD_Init)
../../libDaisy//build/libdaisy.a(stm32h7xx_hal_pcd_ex.o)
                              ../../libDaisy//build/libdaisy.a(usbd_conf.o) (HAL_PCDEx_SetTxFiFo)
../../libDaisy//build/libdaisy.a(stm32h7xx_hal_pwr_ex.o)
                              ../../libDaisy//build/libdaisy.a(system.o) (HAL_PWREx_ConfigSupply)
../../libDaisy//build/libdaisy.a(stm32h7xx_hal_qspi.o)
                              ../../libDaisy//build/libdaisy.a(qspi.o) (HAL_QSPI_Init)
../../libDaisy//build/libdaisy.a(stm32h7xx_hal_rcc.o)
[...]
Memory Configuration

Name             Origin             Length             Attributes
FLASH            0x0000000008000000 0x0000000000020000 xr
DTCMRAM          0x0000000020000000 0x0000000000020000 xrw
SRAM             0x0000000024000000 0x0000000000080000 xrw
RAM_D2           0x0000000030000000 0x0000000000048000 xrw
RAM_D3           0x0000000038000000 0x0000000000010000 xrw
ITCMRAM          0x0000000000000000 0x0000000000010000 xrw
SDRAM            0x00000000c0000000 0x0000000004000000 xrw
QSPIFLASH        0x0000000090000000 0x0000000000800000 xr
*default*        0x0000000000000000 0xffffffffffffffff

Linker script and memory map

LOAD /Library/DaisyToolchain/0.2.0/arm/bin/../lib/gcc/arm-none-eabi/10.3.1/thumb/v7e-m+dp/hard/crti.o
LOAD /Library/DaisyToolchain/0.2.0/arm/bin/../lib/gcc/arm-none-eabi/10.3.1/thumb/v7e-m+dp/hard/crtbegin.o
LOAD /Library/DaisyToolchain/0.2.0/arm/bin/../lib/gcc/arm-none-eabi/10.3.1/../../../../arm-none-eabi/lib/thumb/v7e-m+dp/hard/crt0.o
LOAD build/startup_stm32h750xx.o
LOAD build/LoopFX.o
LOAD ../../libDaisy//build/libdaisy.a
LOAD /Library/DaisyToolchain/0.2.0/arm/bin/../lib/gcc/arm-none-eabi/10.3.1/../../../../arm-none-eabi/lib/thumb/v7e-m+dp/hard/libnosys.a
LOAD ../../DaisySP//build/libdaisysp.a
LOAD /Library/DaisyToolchain/0.2.0/arm/bin/../lib/gcc/arm-none-eabi/10.3.1/../../../../arm-none-eabi/lib/thumb/v7e-m+dp/hard/libstdc++_nano.a
LOAD /Library/DaisyToolchain/0.2.0/arm/bin/../lib/gcc/arm-none-eabi/10.3.1/../../../../arm-none-eabi/lib/thumb/v7e-m+dp/hard/libm.a
LOAD /Library/DaisyToolchain/0.2.0/arm/bin/../lib/gcc/arm-none-eabi/10.3.1/../../../../arm-none-eabi/lib/thumb/v7e-m+dp/hard/libc_nano.a
START GROUP
LOAD /Library/DaisyToolchain/0.2.0/arm/bin/../lib/gcc/arm-none-eabi/10.3.1/thumb/v7e-m+dp/hard/libgcc.a
LOAD /Library/DaisyToolchain/0.2.0/arm/bin/../lib/gcc/arm-none-eabi/10.3.1/../../../../arm-none-eabi/lib/thumb/v7e-m+dp/hard/libc_nano.a
END GROUP
START GROUP
LOAD /Library/DaisyToolchain/0.2.0/arm/bin/../lib/gcc/arm-none-eabi/10.3.1/thumb/v7e-m+dp/hard/libgcc.a
LOAD /Library/DaisyToolchain/0.2.0/arm/bin/../lib/gcc/arm-none-eabi/10.3.1/../../../../arm-none-eabi/lib/thumb/v7e-m+dp/hard/libc_nano.a
LOAD /Library/DaisyToolchain/0.2.0/arm/bin/../lib/gcc/arm-none-eabi/10.3.1/../../../../arm-none-eabi/lib/thumb/v7e-m+dp/hard/libnosys.a
END GROUP
START GROUP
LOAD /Library/DaisyToolchain/0.2.0/arm/bin/../lib/gcc/arm-none-eabi/10.3.1/thumb/v7e-m+dp/hard/libgcc.a
LOAD /Library/DaisyToolchain/0.2.0/arm/bin/../lib/gcc/arm-none-eabi/10.3.1/../../../../arm-none-eabi/lib/thumb/v7e-m+dp/hard/libc_nano.a
LOAD /Library/DaisyToolchain/0.2.0/arm/bin/../lib/gcc/arm-none-eabi/10.3.1/../../../../arm-none-eabi/lib/thumb/v7e-m+dp/hard/libnosys.a
END GROUP
LOAD /Library/DaisyToolchain/0.2.0/arm/bin/../lib/gcc/arm-none-eabi/10.3.1/thumb/v7e-m+dp/hard/crtend.o
LOAD /Library/DaisyToolchain/0.2.0/arm/bin/../lib/gcc/arm-none-eabi/10.3.1/thumb/v7e-m+dp/hard/crtn.o
                0x0000000020020000                _estack = 0x20020000

.isr_vector     0x0000000008000000      0x298
                0x0000000008000000                . = ALIGN (0x4)
 *(.isr_vector)
 .isr_vector    0x0000000008000000      0x298 build/startup_stm32h750xx.o
                0x0000000008000000                g_pfnVectors
                0x0000000008000298                . = ALIGN (0x4)

.text           0x0000000008000298    0x19f78
                0x0000000008000298                . = ALIGN (0x4)
                0x0000000008000298                _stext = .
 *(.text)
 .text          0x0000000008000298       0x40 /Library/DaisyToolchain/0.2.0/arm/bin/../lib/gcc/arm-none-eabi/10.3.1/thumb/v7e-m+dp/hard/crtbegin.o
 .text          0x00000000080002d8      0x378 /Library/DaisyToolchain/0.2.0/arm/bin/../lib/gcc/arm-none-eabi/10.3.1/thumb/v7e-m+dp/hard/libgcc.a(_arm_addsubdf3.o)
                0x00000000080002d8                __aeabi_drsub
                0x00000000080002e0                __subdf3
                0x00000000080002e0                __aeabi_dsub
                0x00000000080002e4                __aeabi_dadd
                0x00000000080002e4                __adddf3
                0x000000000800055c                __aeabi_ui2d
                0x000000000800055c                __floatunsidf
                0x000000000800057c                __floatsidf
                0x000000000800057c                __aeabi_i2d
                0x00000000080005a0                __extendsfdf2
                0x00000000080005a0                __aeabi_f2d
                0x00000000080005e4                __aeabi_ul2d
                0x00000000080005e4                __floatundidf
                0x00000000080005f4                __aeabi_l2d
                0x00000000080005f4                __floatdidf
 .text          0x0000000008000650       0x30 /Library/DaisyToolchain/0.2.0/arm/bin/../lib/gcc/arm-none-eabi/10.3.1/thumb/v7e-m+dp/hard/libgcc.a(_aeabi_uldivmod.o)
                0x0000000008000650                __aeabi_uldivmod
 .text          0x0000000008000680      0x2d0 /Library/DaisyToolchain/0.2.0/arm/bin/../lib/gcc/arm-none-eabi/10.3.1/thumb/v7e-m+dp/hard/libgcc.a(_udivmoddi4.o)
                0x0000000008000680                __udivmoddi4
 .text          0x0000000008000950        0x4 /Library/DaisyToolchain/0.2.0/arm/bin/../lib/gcc/arm-none-eabi/10.3.1/thumb/v7e-m+dp/hard/libgcc.a(_dvmd_tls.o)
                0x0000000008000950                __aeabi_ldiv0
                0x0000000008000950                __aeabi_idiv0
 *(.text*)
 .text.Default_Handler
                0x0000000008000954        0x4 build/startup_stm32h750xx.o
                0x0000000008000954                SAI1_IRQHandler
                0x0000000008000954                HASH_RNG_IRQHandler
                0x0000000008000954                EXTI2_IRQHandler
                0x0000000008000954                TIM8_CC_IRQHandler
                0x0000000008000954                HRTIM1_Master_IRQHandler
                0x0000000008000954                DebugMon_Handler
                0x0000000008000954                TIM1_CC_IRQHandler
                0x0000000008000954                BDMA_Channel6_IRQHandler
                0x0000000008000954                DMA2_Stream5_IRQHandler
                0x0000000008000954                HRTIM1_FLT_IRQHandler
                0x0000000008000954                JPEG_IRQHandler
                0x0000000008000954                BDMA_Channel1_IRQHandler
                0x0000000008000954                HRTIM1_TIMD_IRQHandler
                0x0000000008000954                TAMP_STAMP_IRQHandler
                0x0000000008000954                PendSV_Handler
                0x0000000008000954                NMI_Handler
                0x0000000008000954                EXTI3_IRQHandler
                0x0000000008000954                LPTIM4_IRQHandler
                0x0000000008000954                TIM8_TRG_COM_TIM14_IRQHandler
                0x0000000008000954                LPTIM2_IRQHandler
                0x0000000008000954                DFSDM1_FLT1_IRQHandler
                0x0000000008000954                DMAMUX2_OVR_IRQHandler
                0x0000000008000954                TIM8_UP_TIM13_IRQHandler
                0x0000000008000954                I2C3_ER_IRQHandler
                0x0000000008000954                DFSDM1_FLT2_IRQHandler
                0x0000000008000954                MDMA_IRQHandler
                0x0000000008000954                LPTIM3_IRQHandler
                0x0000000008000954                HSEM1_IRQHandler
                0x0000000008000954                EXTI0_IRQHandler
                0x0000000008000954                FPU_IRQHandler
                0x0000000008000954                OTG_HS_WKUP_IRQHandler
                0x0000000008000954                FDCAN1_IT1_IRQHandler
                0x0000000008000954                UsageFault_Handler
                0x0000000008000954                LTDC_ER_IRQHandler
                0x0000000008000954                HRTIM1_TIME_IRQHandler
                0x0000000008000954                TIM6_DAC_IRQHandler
                0x0000000008000954                DCMI_IRQHandler
                0x0000000008000954                HRTIM1_TIMC_IRQHandler
                0x0000000008000954                SAI2_IRQHandler
                0x0000000008000954                DFSDM1_FLT3_IRQHandler
                0x0000000008000954                TIM17_IRQHandler
                0x0000000008000954                CRYP_IRQHandler
                0x0000000008000954                BDMA_Channel7_IRQHandler
                0x0000000008000954                LPTIM5_IRQHandler
                0x0000000008000954                ADC3_IRQHandler
                0x0000000008000954                DMA2_Stream0_IRQHandler
                0x0000000008000954                BDMA_Channel2_IRQHandler
                0x0000000008000954                DMAMUX1_OVR_IRQHandler
                0x0000000008000954                TIM16_IRQHandler
                0x0000000008000954                BDMA_Channel5_IRQHandler
                0x0000000008000954                RCC_IRQHandler
                0x0000000008000954                TIM8_BRK_TIM12_IRQHandler
                0x0000000008000954                TIM1_TRG_COM_IRQHandler
                0x0000000008000954                Default_Handler
                0x0000000008000954                ECC_IRQHandler
                0x0000000008000954                CEC_IRQHandler
                0x0000000008000954                EXTI15_10_IRQHandler
                0x0000000008000954                BDMA_Channel0_IRQHandler
                0x0000000008000954                ADC_IRQHandler
                0x0000000008000954                DMA1_Stream7_IRQHandler
                0x0000000008000954                HRTIM1_TIMA_IRQHandler
                0x0000000008000954                TIM7_IRQHandler
                0x0000000008000954                SDMMC1_IRQHandler
                0x0000000008000954                DMA2_Stream7_IRQHandler
                0x0000000008000954                TIM15_IRQHandler
                0x0000000008000954                PVD_AVD_IRQHandler
                0x0000000008000954                EXTI9_5_IRQHandler
                0x0000000008000954                RTC_WKUP_IRQHandler
                0x0000000008000954                LTDC_IRQHandler
                0x0000000008000954                SAI3_IRQHandler
                0x0000000008000954                ETH_WKUP_IRQHandler
                0x0000000008000954                SPDIF_RX_IRQHandler
                0x0000000008000954                MemManage_Handler
                0x0000000008000954                SVC_Handler
                0x0000000008000954                CRS_IRQHandler
                0x0000000008000954                EXTI4_IRQHandler
                0x0000000008000954                HRTIM1_TIMB_IRQHandler
                0x0000000008000954                FDCAN2_IT1_IRQHandler
                0x0000000008000954                ETH_IRQHandler
                0x0000000008000954                TIM1_UP_IRQHandler
                0x0000000008000954                BDMA_Channel4_IRQHandler
                0x0000000008000954                WWDG_IRQHandler
                0x0000000008000954                SPI6_IRQHandler
                0x0000000008000954                I2C4_EV_IRQHandler
                0x0000000008000954                MDIOS_IRQHandler
                0x0000000008000954                FDCAN2_IT0_IRQHandler
                0x0000000008000954                FDCAN1_IT0_IRQHandler
                0x0000000008000954                OTG_FS_WKUP_IRQHandler
                0x0000000008000954                DMA2D_IRQHandler
                0x0000000008000954                TIM1_BRK_IRQHandler
                0x0000000008000954                EXTI1_IRQHandler
                0x0000000008000954                SDMMC2_IRQHandler
                0x0000000008000954                OTG_FS_EP1_OUT_IRQHandler
                0x0000000008000954                BDMA_Channel3_IRQHandler
                0x0000000008000954                MDIOS_WKUP_IRQHandler
                0x0000000008000954                DFSDM1_FLT0_IRQHandler
                0x0000000008000954                SAI4_IRQHandler
                0x0000000008000954                I2C2_ER_IRQHandler
                0x0000000008000954                DMA2_Stream1_IRQHandler
                0x0000000008000954                FLASH_IRQHandler
                0x0000000008000954                BusFault_Handler
                0x0000000008000954                OTG_FS_IRQHandler
                0x0000000008000954                WAKEUP_PIN_IRQHandler
                0x0000000008000954                OTG_FS_EP1_IN_IRQHandler
                0x0000000008000954                I2C1_ER_IRQHandler
                0x0000000008000954                FMC_IRQHandler
                0x0000000008000954                FDCAN_CAL_IRQHandler
                0x0000000008000954                SWPMI1_IRQHandler
                0x0000000008000954                COMP1_IRQHandler
                0x0000000008000954                LPTIM1_IRQHandler
                0x0000000008000954                I2C4_ER_IRQHandler
                0x0000000008000954                DMA2_Stream6_IRQHandler
                0x0000000008000954                RTC_Alarm_IRQHandler
 .text.Reset_Handler
                0x0000000008000958       0x44 build/startup_stm32h750xx.o
                0x0000000008000958                Reset_Handler
 .text._ZN5daisy9AdcHandleD2Ev
                0x000000000800099c        0x4 build/LoopFX.o
                0x000000000800099c                daisy::AdcHandle::~AdcHandle()
                0x000000000800099c                daisy::AdcHandle::~AdcHandle()
 .text._ZN5daisy7EncoderD2Ev
                0x00000000080009a0        0x4 build/LoopFX.o
                0x00000000080009a0                daisy::Encoder::~Encoder()
                0x00000000080009a0                daisy::Encoder::~Encoder()
 .text._ZN5daisy9DaisySeedD2Ev
                0x00000000080009a4        0x4 build/LoopFX.o
                0x00000000080009a4                daisy::DaisySeed::~DaisySeed()
                0x00000000080009a4                daisy::DaisySeed::~DaisySeed()
 .text._ZN7daisysp10CompressorD2Ev
                0x00000000080009a8        0x4 build/LoopFX.o
                0x00000000080009a8                daisysp::Compressor::~Compressor()
                0x00000000080009a8                daisysp::Compressor::~Compressor()
 .text._ZN7daisysp7AutowahD2Ev
                0x00000000080009ac        0x4 build/LoopFX.o
                0x00000000080009ac                daisysp::Autowah::~Autowah()
                0x00000000080009ac                daisysp::Autowah::~Autowah()
 .text._ZN7daisysp8BitcrushD2Ev
                0x00000000080009b0        0x4 build/LoopFX.o
                0x00000000080009b0                daisysp::Bitcrush::~Bitcrush()
                0x00000000080009b0                daisysp::Bitcrush::~Bitcrush()
 .text._ZN7daisysp6ChorusD2Ev
                0x00000000080009b4        0x4 build/LoopFX.o
                0x00000000080009b4                daisysp::Chorus::~Chorus()
                0x00000000080009b4                daisysp::Chorus::~Chorus()
 .text._ZN7daisysp9OverdriveD2Ev
                0x00000000080009b8        0x4 build/LoopFX.o
                0x00000000080009b8                daisysp::Overdrive::~Overdrive()
                0x00000000080009b8                daisysp::Overdrive::~Overdrive()
 .text._ZN7daisysp8ReverbScD2Ev
                0x00000000080009bc        0x4 build/LoopFX.o
                0x00000000080009bc                daisysp::ReverbSc::~ReverbSc()
                0x00000000080009bc                daisysp::ReverbSc::~ReverbSc()
 .text._ZN7daisysp6PhaserD2Ev
                0x00000000080009c0        0x4 build/LoopFX.o
                0x00000000080009c0                daisysp::Phaser::~Phaser()
                0x00000000080009c0                daisysp::Phaser::~Phaser()
 .text._ZN7daisysp7TremoloD2Ev
                0x00000000080009c4        0x4 build/LoopFX.o
                0x00000000080009c4                daisysp::Tremolo::~Tremolo()
                0x00000000080009c4                daisysp::Tremolo::~Tremolo()
 .text._ZN7daisysp10WavefolderD2Ev
                0x00000000080009c8        0x4 build/LoopFX.o
                0x00000000080009c8                daisysp::Wavefolder::~Wavefolder()
                0x00000000080009c8                daisysp::Wavefolder::~Wavefolder()
 .text._ZN7daisysp9ResonatorD2Ev
                0x00000000080009cc        0x4 build/LoopFX.o
                0x00000000080009cc                daisysp::Resonator::~Resonator()
                0x00000000080009cc                daisysp::Resonator::~Resonator()
 .text._ZN7daisysp6LooperD2Ev
                0x00000000080009d0        0x4 build/LoopFX.o
                0x00000000080009d0                daisysp::Looper::~Looper()
                0x00000000080009d0                daisysp::Looper::~Looper()
 .text._ZN7daisysp7FlangerD2Ev
                0x00000000080009d4        0x4 build/LoopFX.o
                0x00000000080009d4                daisysp::Flanger::~Flanger()
                0x00000000080009d4                daisysp::Flanger::~Flanger()
 .text.__tcf_0  0x00000000080009d8        0x4 build/LoopFX.o
 .text._ZN5daisy11OledDisplayINS_13SSD130xDriverILj128ELj64ENS_19SSD130xI2CTransportEEEED2Ev
                0x00000000080009dc        0x4 build/LoopFX.o
                0x00000000080009dc                daisy::OledDisplay<daisy::SSD130xDriver<128u, 64u, daisy::SSD130xI2CTransport> >::~OledDisplay()
                0x00000000080009dc                daisy::OledDisplay<daisy::SSD130xDriver<128u, 64u, daisy::SSD130xI2CTransport> >::~OledDisplay()
 .text._ZNK5daisy11OledDisplayINS_13SSD130xDriverILj128ELj64ENS_19SSD130xI2CTransportEEEE6HeightEv
                0x00000000080009e0        0x4 build/LoopFX.o
                0x00000000080009e0                daisy::OledDisplay<daisy::SSD130xDriver<128u, 64u, daisy::SSD130xI2CTransport> >::Height() const
 .text._ZNK5daisy11OledDisplayINS_13SSD130xDriverILj128ELj64ENS_19SSD130xI2CTransportEEEE5WidthEv
                0x00000000080009e4        0x4 build/LoopFX.o
                0x00000000080009e4                daisy::OledDisplay<daisy::SSD130xDriver<128u, 64u, daisy::SSD130xI2CTransport> >::Width() const
 .text._ZN5daisy11OledDisplayINS_13SSD130xDriverILj128ELj64ENS_19SSD130xI2CTransportEEEE4FillEb
                0x00000000080009e8       0x10 build/LoopFX.o
                0x00000000080009e8                daisy::OledDisplay<daisy::SSD130xDriver<128u, 64u, daisy::SSD130xI2CTransport> >::Fill(bool)
 .text._ZN7daisysp9DelayLineIfLj96000EED2Ev
                0x00000000080009f8        0x4 build/LoopFX.o
                0x00000000080009f8                daisysp::DelayLine<float, 96000u>::~DelayLine()
                0x00000000080009f8                daisysp::DelayLine<float, 96000u>::~DelayLine()
 .text._ZN5daisy11OledDisplayINS_13SSD130xDriverILj128ELj64ENS_19SSD130xI2CTransportEEEED0Ev
                0x00000000080009fc       0x10 build/LoopFX.o
                0x00000000080009fc                daisy::OledDisplay<daisy::SSD130xDriver<128u, 64u, daisy::SSD130xI2CTransport> >::~OledDisplay()
 .text._ZNSt6vectorI10EffectTypeSaIS0_EED2Ev
                0x0000000008000a0c       0x14 build/LoopFX.o
                0x0000000008000a0c                std::vector<EffectType, std::allocator<EffectType> >::~vector()
                0x0000000008000a0c                std::vector<EffectType, std::allocator<EffectType> >::~vector()
 .text._ZNSt6vectorI9menuItemsSaIS0_EED2Ev
                0x0000000008000a20       0x14 build/LoopFX.o
                0x0000000008000a20                std::vector<menuItems, std::allocator<menuItems> >::~vector()
                0x0000000008000a20                std::vector<menuItems, std::allocator<menuItems> >::~vector()
 .text.__tcf_1  0x0000000008000a34        0x4 build/LoopFX.o
 .text._ZN5daisy11OledDisplayINS_13SSD130xDriverILj128ELj64ENS_19SSD130xI2CTransportEEEE6UpdateEv
                0x0000000008000a38       0xac build/LoopFX.o
                0x0000000008000a38                daisy::OledDisplay<daisy::SSD130xDriver<128u, 64u, daisy::SSD130xI2CTransport> >::Update()
 .text._ZN5daisy25OneBitGraphicsDisplayImplINS_11OledDisplayINS_13SSD130xDriverILj128ELj64ENS_19SSD130xI2CTransportEEEEEE9WriteCharEc7FontDefb
                0x0000000008000ae4      0x1a0 build/LoopFX.o
                0x0000000008000ae4                daisy::OneBitGraphicsDisplayImpl<daisy::OledDisplay<daisy::SSD130xDriver<128u, 64u, daisy::SSD130xI2CTransport> > >::WriteChar(char, FontDef, bool)
 .text._ZN5daisy25OneBitGraphicsDisplayImplINS_11OledDisplayINS_13SSD130xDriverILj128ELj64ENS_19SSD130xI2CTransportEEEEEE11WriteStringEPKc7FontDefb
                0x0000000008000c84      0x1c0 build/LoopFX.o
                0x0000000008000c84                daisy::OneBitGraphicsDisplayImpl<daisy::OledDisplay<daisy::SSD130xDriver<128u, 64u, daisy::SSD130xI2CTransport> > >::WriteString(char const*, FontDef, bool)
 .text._ZN5daisy11OledDisplayINS_13SSD130xDriverILj128ELj64ENS_19SSD130xI2CTransportEEEE9DrawPixelEjjb
                0x0000000008000e44       0x44 build/LoopFX.o
                0x0000000008000e44                daisy::OledDisplay<daisy::SSD130xDriver<128u, 64u, daisy::SSD130xI2CTransport> >::DrawPixel(unsigned int, unsigned int, bool)
 .text._ZN5daisy25OneBitGraphicsDisplayImplINS_11OledDisplayINS_13SSD130xDriverILj128ELj64ENS_19SSD130xI2CTransportEEEEEE8DrawLineEjjjjb
                0x0000000008000e88       0xfc build/LoopFX.o
                0x0000000008000e88                daisy::OneBitGraphicsDisplayImpl<daisy::OledDisplay<daisy::SSD130xDriver<128u, 64u, daisy::SSD130xI2CTransport> > >::DrawLine(unsigned int, unsigned int, unsigned int, unsigned int, bool)
 *fill*         0x0000000008000f84        0x4 
 .text._ZN5daisy25OneBitGraphicsDisplayImplINS_11OledDisplayINS_13SSD130xDriverILj128ELj64ENS_19SSD130xI2CTransportEEEEEE7DrawArcEjjjiib
                0x0000000008000f88      0x478 build/LoopFX.o
                0x0000000008000f88                daisy::OneBitGraphicsDisplayImpl<daisy::OledDisplay<daisy::SSD130xDriver<128u, 64u, daisy::SSD130xI2CTransport> > >::DrawArc(unsigned int, unsigned int, unsigned int, int, int, bool)
 .text._ZN5daisy25OneBitGraphicsDisplayImplINS_11OledDisplayINS_13SSD130xDriverILj128ELj64ENS_19SSD130xI2CTransportEEEEEE18WriteStringAlignedEPKcRK7FontDefNS_9RectangleENS_9AlignmentEb
                0x0000000008001400      0x3ec build/LoopFX.o
                0x0000000008001400                daisy::OneBitGraphicsDisplayImpl<daisy::OledDisplay<daisy::SSD130xDriver<128u, 64u, daisy::SSD130xI2CTransport> > >::WriteStringAligned(char const*, FontDef const&, daisy::Rectangle, daisy::Alignment, bool)
 .text._ZN5daisy25OneBitGraphicsDisplayImplINS_11OledDisplayINS_13SSD130xDriverILj128ELj64ENS_19SSD130xI2CTransportEEEEEE8DrawRectEjjjjbb
                0x00000000080017ec      0x418 build/LoopFX.o
                0x00000000080017ec                daisy::OneBitGraphicsDisplayImpl<daisy::OledDisplay<daisy::SSD130xDriver<128u, 64u, daisy::SSD130xI2CTransport> > >::DrawRect(unsigned int, unsigned int, unsigned int, unsigned int, bool, bool)
 .text._ZN7daisysp6Looper7ProcessEf
                0x0000000008001c04      0x270 build/LoopFX.o
                0x0000000008001c04                daisysp::Looper::Process(float)
 .text._Z17InitOtherControlsv
                0x0000000008001e74       0x7c build/LoopFX.o
                0x0000000008001e74                InitOtherControls()
 .text._Z18InitAnalogControlsv
                0x0000000008001ef0       0xdc build/LoopFX.o
                0x0000000008001ef0                InitAnalogControls()
 .text._Z5paintv
                0x0000000008001fcc      0x3a4 build/LoopFX.o
                0x0000000008001fcc                paint()
 .text._Z8initOLEDv
                0x0000000008002370      0x264 build/LoopFX.o
                0x0000000008002370                initOLED()
 .text._Z15setEffectValuesv
                0x00000000080025d4      0x2f0 build/LoopFX.o
                0x00000000080025d4                setEffectValues()
 .text._Z13knobsToValuesv
                0x00000000080028c4      0xc80 build/LoopFX.o
                0x00000000080028c4                knobsToValues()
 .text._Z14processEffectsfRf
                0x0000000008003544      0x568 build/LoopFX.o
                0x0000000008003544                processEffects(float, float&)
 .text._Z11looperLogicv
                0x0000000008003aac       0xe8 build/LoopFX.o
                0x0000000008003aac                looperLogic()
 .text._Z13AudioCallbackPKPKfPPfj
                0x0000000008003b94       0x4c build/LoopFX.o
                0x0000000008003b94                AudioCallback(float const* const*, float**, unsigned int)
 .text._Z11initEffectsv
                0x0000000008003be0      0x10c build/LoopFX.o
                0x0000000008003be0                initEffects()
 .text.startup.main
                0x0000000008003cec       0xf0 build/LoopFX.o
                0x0000000008003cec                main
 .text.startup._GLOBAL__sub_I_menuItemVector
                0x0000000008003ddc      0x1d8 build/LoopFX.o
 .text._ZN5daisy9DaisySeed10StartAudioEPFvPKPKfPPfjE
                0x0000000008003fb4        0x8 ../../libDaisy//build/libdaisy.a(daisy_seed.o)
                0x0000000008003fb4                daisy::DaisySeed::StartAudio(void (*)(float const* const*, float**, unsigned int))
 .text._ZN5daisy9DaisySeed18SetAudioSampleRateENS_9SaiHandle6Config10SampleRateE
                0x0000000008003fbc       0x38 ../../libDaisy//build/libdaisy.a(daisy_seed.o)
                0x0000000008003fbc                daisy::DaisySeed::SetAudioSampleRate(daisy::SaiHandle::Config::SampleRate)
 .text._ZN5daisy9DaisySeed15AudioSampleRateEv
                0x0000000008003ff4        0x8 ../../libDaisy//build/libdaisy.a(daisy_seed.o)
                0x0000000008003ff4                daisy::DaisySeed::AudioSampleRate()
 .text._ZN5daisy9DaisySeed17SetAudioBlockSizeEj
                0x0000000008003ffc       0x38 ../../libDaisy//build/libdaisy.a(daisy_seed.o)
                0x0000000008003ffc                daisy::DaisySeed::SetAudioBlockSize(unsigned int)
 .text._ZNK5daisy9DaisySeed17AudioCallbackRateEv
                0x0000000008004034        0x8 ../../libDaisy//build/libdaisy.a(daisy_seed.o)
                0x0000000008004034                daisy::DaisySeed::AudioCallbackRate() const
 .text._ZN5daisy9DaisySeed6SetLedEb
                0x000000000800403c        0x8 ../../libDaisy//build/libdaisy.a(daisy_seed.o)
                0x000000000800403c                daisy::DaisySeed::SetLed(bool)
 .text._ZN5daisy9DaisySeed14ConfigureAudioEv
                0x0000000008004044       0xd0 ../../libDaisy//build/libdaisy.a(daisy_seed.o)
                0x0000000008004044                daisy::DaisySeed::ConfigureAudio()
 .text._ZN5daisy9DaisySeed4InitEb
                0x0000000008004114       0xf0 ../../libDaisy//build/libdaisy.a(daisy_seed.o)
                0x0000000008004114                daisy::DaisySeed::Init(bool)
 .text._ZN5daisy6Ak45564InitE12dsy_gpio_pin
                0x0000000008004204       0x44 ../../libDaisy//build/libdaisy.a(codec_ak4556.o)
                0x0000000008004204                daisy::Ak4556::Init(dsy_gpio_pin)
 .text._ZN5daisy6Wm873120WriteControlRegisterEht
                0x0000000008004248       0x3c ../../libDaisy//build/libdaisy.a(codec_wm8731.o)
                0x0000000008004248                daisy::Wm8731::WriteControlRegister(unsigned char, unsigned short)
 .text._ZN5daisy6Wm87314InitERKNS0_6ConfigENS_9I2CHandleE
                0x0000000008004284      0x1bc ../../libDaisy//build/libdaisy.a(codec_wm8731.o)
                0x0000000008004284                daisy::Wm8731::Init(daisy::Wm8731::Config const&, daisy::I2CHandle)
 .text._ZN11SdramHandle10DeviceInitEv
                0x0000000008004440       0x98 ../../libDaisy//build/libdaisy.a(sdram.o)
                0x0000000008004440                SdramHandle::DeviceInit()
 .text._ZN11SdramHandle4InitEv
                0x00000000080044d8       0x7c ../../libDaisy//build/libdaisy.a(sdram.o)
                0x00000000080044d8                SdramHandle::Init()
 .text.HAL_SDRAM_MspInit
                0x0000000008004554      0x1a8 ../../libDaisy//build/libdaisy.a(sdram.o)
                0x0000000008004554                HAL_SDRAM_MspInit
 .text._ZN5daisy11AudioHandle4Impl16InternalCallbackEPlS2_j
                0x00000000080046fc      0xbbc ../../libDaisy//build/libdaisy.a(audio.o)
                0x00000000080046fc                daisy::AudioHandle::Impl::InternalCallback(long*, long*, unsigned int)
 .text._ZN5daisy11AudioHandle4InitERKNS0_6ConfigENS_9SaiHandleE
                0x00000000080052b8       0x70 ../../libDaisy//build/libdaisy.a(audio.o)
                0x00000000080052b8                daisy::AudioHandle::Init(daisy::AudioHandle::Config const&, daisy::SaiHandle)
 .text._ZNK5daisy11AudioHandle9GetConfigEv
                0x0000000008005328        0x8 ../../libDaisy//build/libdaisy.a(audio.o)
                0x0000000008005328                daisy::AudioHandle::GetConfig() const
 .text._ZN5daisy11AudioHandle12SetBlockSizeEj
                0x0000000008005330       0x1c ../../libDaisy//build/libdaisy.a(audio.o)
                0x0000000008005330                daisy::AudioHandle::SetBlockSize(unsigned int)
 .text._ZN5daisy11AudioHandle13GetSampleRateEv
                0x000000000800534c        0x8 ../../libDaisy//build/libdaisy.a(audio.o)
                0x000000000800534c                daisy::AudioHandle::GetSampleRate()
 .text._ZN5daisy11AudioHandle13SetSampleRateENS_9SaiHandle6Config10SampleRateE
                0x0000000008005354       0x88 ../../libDaisy//build/libdaisy.a(audio.o)
                0x0000000008005354                daisy::AudioHandle::SetSampleRate(daisy::SaiHandle::Config::SampleRate)
 .text._ZN5daisy11AudioHandle5StartEPFvPKPKfPPfjE
                0x00000000080053dc       0x44 ../../libDaisy//build/libdaisy.a(audio.o)
                0x00000000080053dc                daisy::AudioHandle::Start(void (*)(float const* const*, float**, unsigned int))
 .text.startup._GLOBAL__sub_I__ZN5daisy11AudioHandle4Impl4InitENS0_6ConfigENS_9SaiHandleE
                0x0000000008005420       0x24 ../../libDaisy//build/libdaisy.a(audio.o)
 .text._ZN5daisy13AnalogControl4InitEPtfbbf
                0x0000000008005444       0x64 ../../libDaisy//build/libdaisy.a(ctrl.o)
                0x0000000008005444                daisy::AnalogControl::Init(unsigned short*, float, bool, bool, float)
 .text._ZN5daisy13AnalogControl7ProcessEv
                0x00000000080054a8       0x48 ../../libDaisy//build/libdaisy.a(ctrl.o)
                0x00000000080054a8                daisy::AnalogControl::Process()
 .text._ZN5daisy13AnalogControl13SetSampleRateEf
                0x00000000080054f0       0x58 ../../libDaisy//build/libdaisy.a(ctrl.o)
                0x00000000080054f0                daisy::AnalogControl::SetSampleRate(float)
 .text._ZN5daisy7Encoder4InitE12dsy_gpio_pinS1_S1_f
                0x0000000008005548       0x60 ../../libDaisy//build/libdaisy.a(encoder.o)
                0x0000000008005548                daisy::Encoder::Init(dsy_gpio_pin, dsy_gpio_pin, dsy_gpio_pin, float)
 .text._ZN5daisy6Switch4InitE12dsy_gpio_pinf
                0x00000000080055a8       0x34 ../../libDaisy//build/libdaisy.a(switch.o)
                0x00000000080055a8                daisy::Switch::Init(dsy_gpio_pin, float)
 .text._ZN5daisy6Switch8DebounceEv
                0x00000000080055dc       0x5c ../../libDaisy//build/libdaisy.a(switch.o)
                0x00000000080055dc                daisy::Switch::Debounce()
 .text._ZN5daisy16AdcChannelConfig10InitSingleE12dsy_gpio_pin
                0x0000000008005638       0x1c ../../libDaisy//build/libdaisy.a(adc.o)
                0x0000000008005638                daisy::AdcChannelConfig::InitSingle(dsy_gpio_pin)
 .text._ZN5daisy9AdcHandle4InitEPNS_16AdcChannelConfigEjNS0_12OverSamplingE
                0x0000000008005654      0x3c8 ../../libDaisy//build/libdaisy.a(adc.o)
                0x0000000008005654                daisy::AdcHandle::Init(daisy::AdcChannelConfig*, unsigned int, daisy::AdcHandle::OverSampling)
 .text._ZN5daisy9AdcHandle5StartEv
                0x0000000008005a1c       0x2c ../../libDaisy//build/libdaisy.a(adc.o)
                0x0000000008005a1c                daisy::AdcHandle::Start()
 .text._ZNK5daisy9AdcHandle6GetPtrEh
                0x0000000008005a48       0x14 ../../libDaisy//build/libdaisy.a(adc.o)
                0x0000000008005a48                daisy::AdcHandle::GetPtr(unsigned char) const
 .text.HAL_ADC_MspInit
                0x0000000008005a5c       0x98 ../../libDaisy//build/libdaisy.a(adc.o)
                0x0000000008005a5c                HAL_ADC_MspInit
 .text.DMA1_Stream2_IRQHandler
                0x0000000008005af4        0xc ../../libDaisy//build/libdaisy.a(adc.o)
                0x0000000008005af4                DMA1_Stream2_IRQHandler
 .text.HAL_ADC_ConvCpltCallback
                0x0000000008005b00      0x148 ../../libDaisy//build/libdaisy.a(adc.o)
                0x0000000008005b00                HAL_ADC_ConvCpltCallback
 .text.HAL_ADC_ErrorCallback
                0x0000000008005c48        0x4 ../../libDaisy//build/libdaisy.a(adc.o)
                0x0000000008005c48                HAL_ADC_ErrorCallback
 .text.dsy_gpio_init
                0x0000000008005c4c      0x1b8 ../../libDaisy//build/libdaisy.a(gpio.o)
                0x0000000008005c4c                dsy_gpio_init
 .text.dsy_gpio_read
                0x0000000008005e04       0x1c ../../libDaisy//build/libdaisy.a(gpio.o)
                0x0000000008005e04                dsy_gpio_read
 .text.dsy_gpio_write
                0x0000000008005e20       0x24 ../../libDaisy//build/libdaisy.a(gpio.o)
                0x0000000008005e20                dsy_gpio_write
 .text._ZN5daisy9I2CHandle4Impl8InitPinsEv
                0x0000000008005e44       0x58 ../../libDaisy//build/libdaisy.a(i2c.o)
                0x0000000008005e44                daisy::I2CHandle::Impl::InitPins()
 .text.HAL_I2C_MspInit
                0x0000000008005e9c      0x1b4 ../../libDaisy//build/libdaisy.a(i2c.o)
                0x0000000008005e9c                HAL_I2C_MspInit
 .text.dsy_i2c_global_init
                0x0000000008006050       0x78 ../../libDaisy//build/libdaisy.a(i2c.o)
                0x0000000008006050                dsy_i2c_global_init
 .text.DMA1_Stream6_IRQHandler
                0x00000000080060c8       0x34 ../../libDaisy//build/libdaisy.a(i2c.o)
                0x00000000080060c8                DMA1_Stream6_IRQHandler
 .text.I2C1_EV_IRQHandler
                0x00000000080060fc        0xc ../../libDaisy//build/libdaisy.a(i2c.o)
                0x00000000080060fc                I2C1_EV_IRQHandler
 .text.I2C2_EV_IRQHandler
                0x0000000008006108        0xc ../../libDaisy//build/libdaisy.a(i2c.o)
                0x0000000008006108                I2C2_EV_IRQHandler
 .text.I2C3_EV_IRQHandler
                0x0000000008006114        0xc ../../libDaisy//build/libdaisy.a(i2c.o)
                0x0000000008006114                I2C3_EV_IRQHandler
 .text._ZN5daisy9I2CHandle4InitERKNS0_6ConfigE
                0x0000000008006120      0x12c ../../libDaisy//build/libdaisy.a(i2c.o)
                0x0000000008006120                daisy::I2CHandle::Init(daisy::I2CHandle::Config const&)
 .text._ZN5daisy9I2CHandle16TransmitBlockingEtPhtm
                0x000000000800624c       0x50 ../../libDaisy//build/libdaisy.a(i2c.o)
                0x000000000800624c                daisy::I2CHandle::TransmitBlocking(unsigned short, unsigned char*, unsigned short, unsigned long)
 .text.startup._GLOBAL__sub_I__ZN5daisy9I2CHandle4Impl10GlobalInitEv
                0x000000000800629c       0x18 ../../libDaisy//build/libdaisy.a(i2c.o)
 .text._ZN5daisy10QSPIHandle4Impl11WriteEnableEv
                0x00000000080062b4       0x8c ../../libDaisy//build/libdaisy.a(qspi.o)
                0x00000000080062b4                daisy::QSPIHandle::Impl::WriteEnable()
 .text._ZN5daisy10QSPIHandle4Impl17DummyCyclesConfigENS0_6Config6DeviceE
                0x0000000008006340      0x118 ../../libDaisy//build/libdaisy.a(qspi.o)
                0x0000000008006340                daisy::QSPIHandle::Impl::DummyCyclesConfig(daisy::QSPIHandle::Config::Device)
 .text._ZN5daisy10QSPIHandle4Impl10QuadEnableEv
                0x0000000008006458      0x158 ../../libDaisy//build/libdaisy.a(qspi.o)
                0x0000000008006458                daisy::QSPIHandle::Impl::QuadEnable()
 .text._ZN5daisy10QSPIHandle4InitERKNS0_6ConfigE
                0x00000000080065b0      0x198 ../../libDaisy//build/libdaisy.a(qspi.o)
                0x00000000080065b0                daisy::QSPIHandle::Init(daisy::QSPIHandle::Config const&)
 .text.HAL_QSPI_MspInit
                0x0000000008006748      0x11c ../../libDaisy//build/libdaisy.a(qspi.o)
                0x0000000008006748                HAL_QSPI_MspInit
 .text.HAL_QSPI_MspDeInit
                0x0000000008006864       0x54 ../../libDaisy//build/libdaisy.a(qspi.o)
                0x0000000008006864                HAL_QSPI_MspDeInit
 .text.QUADSPI_IRQHandler
                0x00000000080068b8        0xc ../../libDaisy//build/libdaisy.a(qspi.o)
                0x00000000080068b8                QUADSPI_IRQHandler
 .text.startup._GLOBAL__sub_I__ZN5daisy10QSPIHandle4Impl4InitERKNS0_6ConfigE
                0x00000000080068c4       0x28 ../../libDaisy//build/libdaisy.a(qspi.o)
 .text._ZN5daisy9SaiHandle4Impl7InitDmaENS1_15PeripheralBlockE
                0x00000000080068ec       0xa0 ../../libDaisy//build/libdaisy.a(sai.o)
                0x00000000080068ec                daisy::SaiHandle::Impl::InitDma(daisy::SaiHandle::Impl::PeripheralBlock)
 .text._ZN5daisy9SaiHandle4Impl8InitPinsEv
                0x000000000800698c       0xa8 ../../libDaisy//build/libdaisy.a(sai.o)
                0x000000000800698c                daisy::SaiHandle::Impl::InitPins()
 .text.HAL_SAI_MspInit
                0x0000000008006a34      0x164 ../../libDaisy//build/libdaisy.a(sai.o)
                0x0000000008006a34                HAL_SAI_MspInit
 .text.DMA1_Stream0_IRQHandler
                0x0000000008006b98        0xc ../../libDaisy//build/libdaisy.a(sai.o)
                0x0000000008006b98                DMA1_Stream0_IRQHandler
 .text.DMA1_Stream1_IRQHandler
                0x0000000008006ba4        0xc ../../libDaisy//build/libdaisy.a(sai.o)
                0x0000000008006ba4                DMA1_Stream1_IRQHandler
 .text.DMA1_Stream3_IRQHandler
                0x0000000008006bb0        0xc ../../libDaisy//build/libdaisy.a(sai.o)
                0x0000000008006bb0                DMA1_Stream3_IRQHandler
 .text.DMA1_Stream4_IRQHandler
                0x0000000008006bbc        0xc ../../libDaisy//build/libdaisy.a(sai.o)
                0x0000000008006bbc                DMA1_Stream4_IRQHandler
 .text.HAL_SAI_RxHalfCpltCallback
                0x0000000008006bc8       0x78 ../../libDaisy//build/libdaisy.a(sai.o)
                0x0000000008006bc8                HAL_SAI_RxHalfCpltCallback
 .text.HAL_SAI_RxCpltCallback
                0x0000000008006c40       0x70 ../../libDaisy//build/libdaisy.a(sai.o)
                0x0000000008006c40                HAL_SAI_RxCpltCallback
 .text._ZN5daisy9SaiHandle4InitERKNS0_6ConfigE
                0x0000000008006cb0      0x1f0 ../../libDaisy//build/libdaisy.a(sai.o)
                0x0000000008006cb0                daisy::SaiHandle::Init(daisy::SaiHandle::Config const&)
 .text._ZNK5daisy9SaiHandle9GetConfigEv
                0x0000000008006ea0        0x4 ../../libDaisy//build/libdaisy.a(sai.o)
                0x0000000008006ea0                daisy::SaiHandle::GetConfig() const
 .text._ZN5daisy9SaiHandle8StartDmaEPlS1_jPFvS1_S1_jE
                0x0000000008006ea4       0xbc ../../libDaisy//build/libdaisy.a(sai.o)
                0x0000000008006ea4                daisy::SaiHandle::StartDma(long*, long*, unsigned int, void (*)(long*, long*, unsigned int))
 .text._ZN5daisy9SaiHandle13GetSampleRateEv
                0x0000000008006f60       0x24 ../../libDaisy//build/libdaisy.a(sai.o)
                0x0000000008006f60                daisy::SaiHandle::GetSampleRate()
 .text._ZNK5daisy9SaiHandle9GetOffsetEv
                0x0000000008006f84        0x8 ../../libDaisy//build/libdaisy.a(sai.o)
                0x0000000008006f84                daisy::SaiHandle::GetOffset() const
 .text._ZN5daisy11TimerHandleD2Ev
                0x0000000008006f8c        0x4 ../../libDaisy//build/libdaisy.a(system.o)
                0x0000000008006f8c                daisy::TimerHandle::~TimerHandle()
                0x0000000008006f8c                daisy::TimerHandle::~TimerHandle()
 .text.SysTick_Handler
                0x0000000008006f90       0x10 ../../libDaisy//build/libdaisy.a(system.o)
                0x0000000008006f90                SysTick_Handler
 .text.OTG_HS_EP1_OUT_IRQHandler
                0x0000000008006fa0       0x24 ../../libDaisy//build/libdaisy.a(system.o)
                0x0000000008006fa0                OTG_HS_EP1_OUT_IRQHandler
 .text.OTG_HS_EP1_IN_IRQHandler
                0x0000000008006fc4       0x24 ../../libDaisy//build/libdaisy.a(system.o)
                0x0000000008006fc4                OTG_HS_EP1_IN_IRQHandler
 .text.OTG_HS_IRQHandler
                0x0000000008006fe8       0x24 ../../libDaisy//build/libdaisy.a(system.o)
                0x0000000008006fe8                OTG_HS_IRQHandler
 .text.HardFault_Handler
                0x000000000800700c       0xe0 ../../libDaisy//build/libdaisy.a(system.o)
                0x000000000800700c                HardFault_Handler
 .text._ZN5daisy6System6GetNowEv
                0x00000000080070ec        0x4 ../../libDaisy//build/libdaisy.a(system.o)
                0x00000000080070ec                daisy::System::GetNow()
 .text._ZN5daisy6System5DelayEm
                0x00000000080070f0        0x4 ../../libDaisy//build/libdaisy.a(system.o)
                0x00000000080070f0                daisy::System::Delay(unsigned long)
 .text._ZN5daisy6System15ConfigureClocksEv
                0x00000000080070f4      0x194 ../../libDaisy//build/libdaisy.a(system.o)
                0x00000000080070f4                daisy::System::ConfigureClocks()
 .text._ZN5daisy6System4InitERKNS0_6ConfigE
                0x0000000008007288      0x140 ../../libDaisy//build/libdaisy.a(system.o)
                0x0000000008007288                daisy::System::Init(daisy::System::Config const&)
 .text._ZN5daisy6System12GetPClk1FreqEv
                0x00000000080073c8        0x4 ../../libDaisy//build/libdaisy.a(system.o)
                0x00000000080073c8                daisy::System::GetPClk1Freq()
 .text._ZN5daisy6System22GetProgramMemoryRegionEv
                0x00000000080073cc       0x78 ../../libDaisy//build/libdaisy.a(system.o)
                0x00000000080073cc                daisy::System::GetProgramMemoryRegion()
 .text.startup._GLOBAL__sub_I_SysTick_Handler
                0x0000000008007444       0x1c ../../libDaisy//build/libdaisy.a(system.o)
 .text.SystemInit
                0x0000000008007460       0x9c ../../libDaisy//build/libdaisy.a(system_stm32h7xx.o)
                0x0000000008007460                SystemInit
 .text.HAL_PCD_SetupStageCallback
                0x00000000080074fc        0xc ../../libDaisy//build/libdaisy.a(usbd_conf.o)
                0x00000000080074fc                HAL_PCD_SetupStageCallback
 .text.HAL_PCD_DataOutStageCallback
                0x0000000008007508       0x14 ../../libDaisy//build/libdaisy.a(usbd_conf.o)
                0x0000000008007508                HAL_PCD_DataOutStageCallback
 .text.HAL_PCD_DataInStageCallback
                0x000000000800751c       0x14 ../../libDaisy//build/libdaisy.a(usbd_conf.o)
                0x000000000800751c                HAL_PCD_DataInStageCallback
 .text.HAL_PCD_SOFCallback
                0x0000000008007530        0x8 ../../libDaisy//build/libdaisy.a(usbd_conf.o)
                0x0000000008007530                HAL_PCD_SOFCallback
 .text.HAL_PCD_ResetCallback
                0x0000000008007538       0x24 ../../libDaisy//build/libdaisy.a(usbd_conf.o)
                0x0000000008007538                HAL_PCD_ResetCallback
 .text.HAL_PCD_SuspendCallback
                0x000000000800755c       0x30 ../../libDaisy//build/libdaisy.a(usbd_conf.o)
                0x000000000800755c                HAL_PCD_SuspendCallback
 .text.HAL_PCD_ResumeCallback
                0x000000000800758c        0x8 ../../libDaisy//build/libdaisy.a(usbd_conf.o)
                0x000000000800758c                HAL_PCD_ResumeCallback
 .text.HAL_PCD_ISOOUTIncompleteCallback
                0x0000000008007594        0x8 ../../libDaisy//build/libdaisy.a(usbd_conf.o)
                0x0000000008007594                HAL_PCD_ISOOUTIncompleteCallback
 .text.HAL_PCD_ISOINIncompleteCallback
                0x000000000800759c        0x8 ../../libDaisy//build/libdaisy.a(usbd_conf.o)
                0x000000000800759c                HAL_PCD_ISOINIncompleteCallback
 .text.HAL_PCD_ConnectCallback
                0x00000000080075a4        0x8 ../../libDaisy//build/libdaisy.a(usbd_conf.o)
                0x00000000080075a4                HAL_PCD_ConnectCallback
 .text.HAL_PCD_DisconnectCallback
                0x00000000080075ac        0x8 ../../libDaisy//build/libdaisy.a(usbd_conf.o)
                0x00000000080075ac                HAL_PCD_DisconnectCallback
 .text.USBD_LL_OpenEP
                0x00000000080075b4       0x24 ../../libDaisy//build/libdaisy.a(usbd_conf.o)
                0x00000000080075b4                USBD_LL_OpenEP
 .text.USBD_LL_StallEP
                0x00000000080075d8       0x1c ../../libDaisy//build/libdaisy.a(usbd_conf.o)
                0x00000000080075d8                USBD_LL_StallEP
 .text.USBD_LL_ClearStallEP
                0x00000000080075f4       0x1c ../../libDaisy//build/libdaisy.a(usbd_conf.o)
                0x00000000080075f4                USBD_LL_ClearStallEP
 .text.USBD_LL_IsStallEP
                0x0000000008007610       0x28 ../../libDaisy//build/libdaisy.a(usbd_conf.o)
                0x0000000008007610                USBD_LL_IsStallEP
 .text.USBD_LL_SetUSBAddress
                0x0000000008007638       0x1c ../../libDaisy//build/libdaisy.a(usbd_conf.o)
                0x0000000008007638                USBD_LL_SetUSBAddress
 .text.USBD_LL_Transmit
                0x0000000008007654       0x1c ../../libDaisy//build/libdaisy.a(usbd_conf.o)
                0x0000000008007654                USBD_LL_Transmit
 .text.USBD_LL_PrepareReceive
                0x0000000008007670       0x1c ../../libDaisy//build/libdaisy.a(usbd_conf.o)
                0x0000000008007670                USBD_LL_PrepareReceive
 .text.HAL_HCD_SOF_Callback
                0x000000000800768c        0x8 ../../libDaisy//build/libdaisy.a(usbh_conf.o)
                0x000000000800768c                HAL_HCD_SOF_Callback
 .text.HAL_HCD_Connect_Callback
                0x0000000008007694        0x8 ../../libDaisy//build/libdaisy.a(usbh_conf.o)
                0x0000000008007694                HAL_HCD_Connect_Callback
 .text.HAL_HCD_Disconnect_Callback
                0x000000000800769c        0x8 ../../libDaisy//build/libdaisy.a(usbh_conf.o)
                0x000000000800769c                HAL_HCD_Disconnect_Callback
 .text.HAL_HCD_HC_NotifyURBChange_Callback
                0x00000000080076a4        0x4 ../../libDaisy//build/libdaisy.a(usbh_conf.o)
                0x00000000080076a4                HAL_HCD_HC_NotifyURBChange_Callback
 .text.HAL_HCD_PortEnabled_Callback
                0x00000000080076a8        0x8 ../../libDaisy//build/libdaisy.a(usbh_conf.o)
                0x00000000080076a8                HAL_HCD_PortEnabled_Callback
 .text.HAL_HCD_PortDisabled_Callback
                0x00000000080076b0        0x8 ../../libDaisy//build/libdaisy.a(usbh_conf.o)
                0x00000000080076b0                HAL_HCD_PortDisabled_Callback
 .text.USBH_LL_Stop
                0x00000000080076b8       0x1c ../../libDaisy//build/libdaisy.a(usbh_conf.o)
                0x00000000080076b8                USBH_LL_Stop
 .text.dsy_hal_map_get_port
                0x00000000080076d4       0x10 ../../libDaisy//build/libdaisy.a(hal_map.o)
                0x00000000080076d4                dsy_hal_map_get_port
 .text.dsy_hal_map_get_pin
                0x00000000080076e4       0x10 ../../libDaisy//build/libdaisy.a(hal_map.o)
                0x00000000080076e4                dsy_hal_map_get_pin
 .text.dsy_hal_map_gpio_clk_enable
                0x00000000080076f4      0x150 ../../libDaisy//build/libdaisy.a(hal_map.o)
                0x00000000080076f4                dsy_hal_map_gpio_clk_enable
 .text.HAL_MspInit
                0x0000000008007844        0x4 ../../libDaisy//build/libdaisy.a(stm32h7xx_hal.o)
                0x0000000008007844                HAL_MspInit
 .text.HAL_InitTick
                0x0000000008007848       0x4c ../../libDaisy//build/libdaisy.a(stm32h7xx_hal.o)
                0x0000000008007848                HAL_InitTick
 .text.HAL_Init
                0x0000000008007894       0x60 ../../libDaisy//build/libdaisy.a(stm32h7xx_hal.o)
                0x0000000008007894                HAL_Init
 .text.HAL_IncTick
                0x00000000080078f4       0x18 ../../libDaisy//build/libdaisy.a(stm32h7xx_hal.o)
                0x00000000080078f4                HAL_IncTick
 .text.HAL_GetTick
                0x000000000800790c        0xc ../../libDaisy//build/libdaisy.a(stm32h7xx_hal.o)
                0x000000000800790c                HAL_GetTick
 .text.HAL_Delay
                0x0000000008007918       0x24 ../../libDaisy//build/libdaisy.a(stm32h7xx_hal.o)
                0x0000000008007918                HAL_Delay
 .text.HAL_GetREVID
                0x000000000800793c        0xc ../../libDaisy//build/libdaisy.a(stm32h7xx_hal.o)
                0x000000000800793c                HAL_GetREVID
 .text.HAL_ADC_ConvHalfCpltCallback
                0x0000000008007948        0x4 ../../libDaisy//build/libdaisy.a(stm32h7xx_hal_adc.o)
                0x0000000008007948                HAL_ADC_ConvHalfCpltCallback
 .text.ADC_DMAHalfConvCplt
                0x000000000800794c        0xc ../../libDaisy//build/libdaisy.a(stm32h7xx_hal_adc.o)
                0x000000000800794c                ADC_DMAHalfConvCplt
 .text.ADC_DMAConvCplt
                0x0000000008007958       0x6c ../../libDaisy//build/libdaisy.a(stm32h7xx_hal_adc.o)
                0x0000000008007958                ADC_DMAConvCplt
 .text.ADC_DMAError
                0x00000000080079c4       0x1c ../../libDaisy//build/libdaisy.a(stm32h7xx_hal_adc.o)
                0x00000000080079c4                ADC_DMAError
 .text.HAL_ADC_ConfigChannel
                0x00000000080079e0      0x3fc ../../libDaisy//build/libdaisy.a(stm32h7xx_hal_adc.o)
                0x00000000080079e0                HAL_ADC_ConfigChannel
 .text.ADC_Enable
                0x0000000008007ddc       0xac ../../libDaisy//build/libdaisy.a(stm32h7xx_hal_adc.o)
                0x0000000008007ddc                ADC_Enable
 .text.HAL_ADC_Start_DMA
                0x0000000008007e88      0x114 ../../libDaisy//build/libdaisy.a(stm32h7xx_hal_adc.o)
                0x0000000008007e88                HAL_ADC_Start_DMA
 .text.ADC_Disable
                0x0000000008007f9c       0x68 ../../libDaisy//build/libdaisy.a(stm32h7xx_hal_adc.o)
                0x0000000008007f9c                ADC_Disable
 .text.ADC_ConfigureBoostMode
                0x0000000008008004      0x184 ../../libDaisy//build/libdaisy.a(stm32h7xx_hal_adc.o)
                0x0000000008008004                ADC_ConfigureBoostMode
 .text.HAL_ADC_Init
                0x0000000008008188      0x218 ../../libDaisy//build/libdaisy.a(stm32h7xx_hal_adc.o)
                0x0000000008008188                HAL_ADC_Init
 .text.HAL_ADCEx_Calibration_Start
                0x00000000080083a0       0xa4 ../../libDaisy//build/libdaisy.a(stm32h7xx_hal_adc_ex.o)
                0x00000000080083a0                HAL_ADCEx_Calibration_Start
 .text.HAL_ADCEx_MultiModeConfigChannel
                0x0000000008008444       0xc4 ../../libDaisy//build/libdaisy.a(stm32h7xx_hal_adc_ex.o)
                0x0000000008008444                HAL_ADCEx_MultiModeConfigChannel
 .text.HAL_NVIC_SetPriorityGrouping
                0x0000000008008508       0x24 ../../libDaisy//build/libdaisy.a(stm32h7xx_hal_cortex.o)
                0x0000000008008508                HAL_NVIC_SetPriorityGrouping
 .text.HAL_NVIC_SetPriority
                0x000000000800852c       0x7c ../../libDaisy//build/libdaisy.a(stm32h7xx_hal_cortex.o)
                0x000000000800852c                HAL_NVIC_SetPriority
 .text.HAL_NVIC_EnableIRQ
                0x00000000080085a8       0x1c ../../libDaisy//build/libdaisy.a(stm32h7xx_hal_cortex.o)
                0x00000000080085a8                HAL_NVIC_EnableIRQ
 .text.HAL_NVIC_DisableIRQ
                0x00000000080085c4       0x28 ../../libDaisy//build/libdaisy.a(stm32h7xx_hal_cortex.o)
                0x00000000080085c4                HAL_NVIC_DisableIRQ
 .text.HAL_SYSTICK_Config
                0x00000000080085ec       0x2c ../../libDaisy//build/libdaisy.a(stm32h7xx_hal_cortex.o)
                0x00000000080085ec                HAL_SYSTICK_Config
 .text.HAL_MPU_Disable
                0x0000000008008618       0x1c ../../libDaisy//build/libdaisy.a(stm32h7xx_hal_cortex.o)
                0x0000000008008618                HAL_MPU_Disable
 .text.HAL_MPU_Enable
                0x0000000008008634       0x20 ../../libDaisy//build/libdaisy.a(stm32h7xx_hal_cortex.o)
                0x0000000008008634                HAL_MPU_Enable
 .text.HAL_MPU_ConfigRegion
                0x0000000008008654       0x64 ../../libDaisy//build/libdaisy.a(stm32h7xx_hal_cortex.o)
                0x0000000008008654                HAL_MPU_ConfigRegion
 .text.HAL_SYSTICK_Callback
                0x00000000080086b8        0x4 ../../libDaisy//build/libdaisy.a(stm32h7xx_hal_cortex.o)
                0x00000000080086b8                HAL_SYSTICK_Callback
 .text.HAL_SYSTICK_IRQHandler
                0x00000000080086bc        0x8 ../../libDaisy//build/libdaisy.a(stm32h7xx_hal_cortex.o)
                0x00000000080086bc                HAL_SYSTICK_IRQHandler
 .text.DMA_CalcBaseAndBitshift
                0x00000000080086c4       0xf4 ../../libDaisy//build/libdaisy.a(stm32h7xx_hal_dma.o)
 .text.DMA_CalcDMAMUXChannelBaseAndMask
                0x00000000080087b8       0xd8 ../../libDaisy//build/libdaisy.a(stm32h7xx_hal_dma.o)
 .text.HAL_DMA_Init
                0x0000000008008890      0x37c ../../libDaisy//build/libdaisy.a(stm32h7xx_hal_dma.o)
                0x0000000008008890                HAL_DMA_Init
 .text.HAL_DMA_Start_IT
                0x0000000008008c0c      0x240 ../../libDaisy//build/libdaisy.a(stm32h7xx_hal_dma.o)
                0x0000000008008c0c                HAL_DMA_Start_IT
 .text.HAL_DMA_Abort_IT
                0x0000000008008e4c      0x134 ../../libDaisy//build/libdaisy.a(stm32h7xx_hal_dma.o)
                0x0000000008008e4c                HAL_DMA_Abort_IT
 .text.HAL_DMA_IRQHandler
                0x0000000008008f80      0x6a0 ../../libDaisy//build/libdaisy.a(stm32h7xx_hal_dma.o)
                0x0000000008008f80                HAL_DMA_IRQHandler
 .text.HAL_DMA_GetError
                0x0000000008009620        0x4 ../../libDaisy//build/libdaisy.a(stm32h7xx_hal_dma.o)
                0x0000000008009620                HAL_DMA_GetError
 .text.HAL_GPIO_Init
                0x0000000008009624      0x280 ../../libDaisy//build/libdaisy.a(stm32h7xx_hal_gpio.o)
                0x0000000008009624                HAL_GPIO_Init
 .text.HAL_GPIO_DeInit
                0x00000000080098a4      0x190 ../../libDaisy//build/libdaisy.a(stm32h7xx_hal_gpio.o)
                0x00000000080098a4                HAL_GPIO_DeInit
 .text.HAL_GPIO_ReadPin
                0x0000000008009a34        0xc ../../libDaisy//build/libdaisy.a(stm32h7xx_hal_gpio.o)
                0x0000000008009a34                HAL_GPIO_ReadPin
 .text.HAL_GPIO_WritePin
                0x0000000008009a40        0x8 ../../libDaisy//build/libdaisy.a(stm32h7xx_hal_gpio.o)
                0x0000000008009a40                HAL_GPIO_WritePin
 .text.HAL_HCD_IRQHandler
                0x0000000008009a48      0x780 ../../libDaisy//build/libdaisy.a(stm32h7xx_hal_hcd.o)
                0x0000000008009a48                HAL_HCD_IRQHandler
 .text.HAL_HCD_Stop
                0x000000000800a1c8       0x28 ../../libDaisy//build/libdaisy.a(stm32h7xx_hal_hcd.o)
                0x000000000800a1c8                HAL_HCD_Stop
 .text.I2C_WaitOnTXISFlagUntilTimeout
                0x000000000800a1f0       0xb8 ../../libDaisy//build/libdaisy.a(stm32h7xx_hal_i2c.o)
 .text.I2C_WaitOnSTOPFlagUntilTimeout
                0x000000000800a2a8       0xac ../../libDaisy//build/libdaisy.a(stm32h7xx_hal_i2c.o)
 .text.HAL_I2C_Init
                0x000000000800a354       0xac ../../libDaisy//build/libdaisy.a(stm32h7xx_hal_i2c.o)
                0x000000000800a354                HAL_I2C_Init
 .text.HAL_I2C_Master_Transmit
                0x000000000800a400      0x1a8 ../../libDaisy//build/libdaisy.a(stm32h7xx_hal_i2c.o)
                0x000000000800a400                HAL_I2C_Master_Transmit
 .text.HAL_I2C_Slave_Transmit
                0x000000000800a5a8      0x1c8 ../../libDaisy//build/libdaisy.a(stm32h7xx_hal_i2c.o)
                0x000000000800a5a8                HAL_I2C_Slave_Transmit
 .text.HAL_I2C_EV_IRQHandler
                0x000000000800a770       0x10 ../../libDaisy//build/libdaisy.a(stm32h7xx_hal_i2c.o)
                0x000000000800a770                HAL_I2C_EV_IRQHandler
 .text.HAL_I2C_GetState
                0x000000000800a780        0x8 ../../libDaisy//build/libdaisy.a(stm32h7xx_hal_i2c.o)
                0x000000000800a780                HAL_I2C_GetState
 .text.HAL_I2CEx_ConfigAnalogFilter
                0x000000000800a788       0x54 ../../libDaisy//build/libdaisy.a(stm32h7xx_hal_i2c_ex.o)
                0x000000000800a788                HAL_I2CEx_ConfigAnalogFilter
 .text.HAL_I2CEx_ConfigDigitalFilter
                0x000000000800a7dc       0x58 ../../libDaisy//build/libdaisy.a(stm32h7xx_hal_i2c_ex.o)
                0x000000000800a7dc                HAL_I2CEx_ConfigDigitalFilter
 .text.HAL_PCD_IRQHandler
                0x000000000800a834      0x69c ../../libDaisy//build/libdaisy.a(stm32h7xx_hal_pcd.o)
                0x000000000800a834                HAL_PCD_IRQHandler
 .text.HAL_PCD_SetAddress
                0x000000000800aed0       0x2c ../../libDaisy//build/libdaisy.a(stm32h7xx_hal_pcd.o)
                0x000000000800aed0                HAL_PCD_SetAddress
 .text.HAL_PCD_EP_Open
                0x000000000800aefc       0x7c ../../libDaisy//build/libdaisy.a(stm32h7xx_hal_pcd.o)
                0x000000000800aefc                HAL_PCD_EP_Open
 .text.HAL_PCD_EP_Receive
                0x000000000800af78       0x50 ../../libDaisy//build/libdaisy.a(stm32h7xx_hal_pcd.o)
                0x000000000800af78                HAL_PCD_EP_Receive
 .text.HAL_PCD_EP_Transmit
                0x000000000800afc8       0x50 ../../libDaisy//build/libdaisy.a(stm32h7xx_hal_pcd.o)
                0x000000000800afc8                HAL_PCD_EP_Transmit
 .text.HAL_PCD_EP_SetStall
                0x000000000800b018       0x88 ../../libDaisy//build/libdaisy.a(stm32h7xx_hal_pcd.o)
                0x000000000800b018                HAL_PCD_EP_SetStall
 .text.HAL_PCD_EP_ClrStall
                0x000000000800b0a0       0x78 ../../libDaisy//build/libdaisy.a(stm32h7xx_hal_pcd.o)
                0x000000000800b0a0                HAL_PCD_EP_ClrStall
 .text.HAL_PCDEx_LPM_Callback
                0x000000000800b118        0x4 ../../libDaisy//build/libdaisy.a(stm32h7xx_hal_pcd_ex.o)
                0x000000000800b118                HAL_PCDEx_LPM_Callback
 .text.HAL_PWREx_ConfigSupply
                0x000000000800b11c       0x4c ../../libDaisy//build/libdaisy.a(stm32h7xx_hal_pwr_ex.o)
                0x000000000800b11c                HAL_PWREx_ConfigSupply
 .text.HAL_PWREx_EnableUSBVoltageDetector
                0x000000000800b168       0x10 ../../libDaisy//build/libdaisy.a(stm32h7xx_hal_pwr_ex.o)
                0x000000000800b168                HAL_PWREx_EnableUSBVoltageDetector
 .text.QSPI_Config
                0x000000000800b178      0x174 ../../libDaisy//build/libdaisy.a(stm32h7xx_hal_qspi.o)
 .text.HAL_QSPI_Init
                0x000000000800b2ec       0xd8 ../../libDaisy//build/libdaisy.a(stm32h7xx_hal_qspi.o)
                0x000000000800b2ec                HAL_QSPI_Init
 .text.HAL_QSPI_DeInit
                0x000000000800b3c4       0x3c ../../libDaisy//build/libdaisy.a(stm32h7xx_hal_qspi.o)
                0x000000000800b3c4                HAL_QSPI_DeInit
 .text.HAL_QSPI_Command
                0x000000000800b400       0xd4 ../../libDaisy//build/libdaisy.a(stm32h7xx_hal_qspi.o)
                0x000000000800b400                HAL_QSPI_Command
 .text.HAL_QSPI_Transmit
                0x000000000800b4d4       0xfc ../../libDaisy//build/libdaisy.a(stm32h7xx_hal_qspi.o)
                0x000000000800b4d4                HAL_QSPI_Transmit
 .text.HAL_QSPI_Receive
                0x000000000800b5d0      0x108 ../../libDaisy//build/libdaisy.a(stm32h7xx_hal_qspi.o)
                0x000000000800b5d0                HAL_QSPI_Receive
 .text.HAL_QSPI_AutoPolling
                0x000000000800b6d8       0xf0 ../../libDaisy//build/libdaisy.a(stm32h7xx_hal_qspi.o)
                0x000000000800b6d8                HAL_QSPI_AutoPolling
 .text.HAL_QSPI_MemoryMapped
                0x000000000800b7c8       0xc0 ../../libDaisy//build/libdaisy.a(stm32h7xx_hal_qspi.o)
                0x000000000800b7c8                HAL_QSPI_MemoryMapped
 .text.HAL_QSPI_ErrorCallback
                0x000000000800b888        0x4 ../../libDaisy//build/libdaisy.a(stm32h7xx_hal_qspi.o)
                0x000000000800b888                HAL_QSPI_ErrorCallback
 .text.QSPI_DMAAbortCplt
                0x000000000800b88c       0x38 ../../libDaisy//build/libdaisy.a(stm32h7xx_hal_qspi.o)
 .text.HAL_QSPI_AbortCpltCallback
                0x000000000800b8c4        0x4 ../../libDaisy//build/libdaisy.a(stm32h7xx_hal_qspi.o)
                0x000000000800b8c4                HAL_QSPI_AbortCpltCallback
 .text.HAL_QSPI_CmdCpltCallback
                0x000000000800b8c8        0x4 ../../libDaisy//build/libdaisy.a(stm32h7xx_hal_qspi.o)
                0x000000000800b8c8                HAL_QSPI_CmdCpltCallback
 .text.HAL_QSPI_RxCpltCallback
                0x000000000800b8cc        0x4 ../../libDaisy//build/libdaisy.a(stm32h7xx_hal_qspi.o)
                0x000000000800b8cc                HAL_QSPI_RxCpltCallback
 .text.HAL_QSPI_TxCpltCallback
                0x000000000800b8d0        0x4 ../../libDaisy//build/libdaisy.a(stm32h7xx_hal_qspi.o)
                0x000000000800b8d0                HAL_QSPI_TxCpltCallback
 .text.HAL_QSPI_FifoThresholdCallback
                0x000000000800b8d4        0x4 ../../libDaisy//build/libdaisy.a(stm32h7xx_hal_qspi.o)
                0x000000000800b8d4                HAL_QSPI_FifoThresholdCallback
 .text.HAL_QSPI_StatusMatchCallback
                0x000000000800b8d8        0x4 ../../libDaisy//build/libdaisy.a(stm32h7xx_hal_qspi.o)
                0x000000000800b8d8                HAL_QSPI_StatusMatchCallback
 .text.HAL_QSPI_TimeOutCallback
                0x000000000800b8dc        0x4 ../../libDaisy//build/libdaisy.a(stm32h7xx_hal_qspi.o)
                0x000000000800b8dc                HAL_QSPI_TimeOutCallback
 .text.HAL_QSPI_IRQHandler
                0x000000000800b8e0      0x210 ../../libDaisy//build/libdaisy.a(stm32h7xx_hal_qspi.o)
                0x000000000800b8e0                HAL_QSPI_IRQHandler
 .text.HAL_RCC_OscConfig
                0x000000000800baf0      0x51c ../../libDaisy//build/libdaisy.a(stm32h7xx_hal_rcc.o)
                0x000000000800baf0                HAL_RCC_OscConfig
 .text.HAL_RCC_GetSysClockFreq
                0x000000000800c00c      0x140 ../../libDaisy//build/libdaisy.a(stm32h7xx_hal_rcc.o)
                0x000000000800c00c                HAL_RCC_GetSysClockFreq
 .text.HAL_RCC_ClockConfig
                0x000000000800c14c      0x234 ../../libDaisy//build/libdaisy.a(stm32h7xx_hal_rcc.o)
                0x000000000800c14c                HAL_RCC_ClockConfig
 .text.HAL_RCC_GetHCLKFreq
                0x000000000800c380       0x2c ../../libDaisy//build/libdaisy.a(stm32h7xx_hal_rcc.o)
                0x000000000800c380                HAL_RCC_GetHCLKFreq
 .text.HAL_RCC_GetPCLK1Freq
                0x000000000800c3ac       0x38 ../../libDaisy//build/libdaisy.a(stm32h7xx_hal_rcc.o)
                0x000000000800c3ac                HAL_RCC_GetPCLK1Freq
 .text.HAL_RCC_GetPCLK2Freq
                0x000000000800c3e4       0x38 ../../libDaisy//build/libdaisy.a(stm32h7xx_hal_rcc.o)
                0x000000000800c3e4                HAL_RCC_GetPCLK2Freq
 .text.RCCEx_PLL2_Config
                0x000000000800c41c       0xf4 ../../libDaisy//build/libdaisy.a(stm32h7xx_hal_rcc_ex.o)
 .text.RCCEx_PLL3_Config
                0x000000000800c510       0xf4 ../../libDaisy//build/libdaisy.a(stm32h7xx_hal_rcc_ex.o)
 .text.HAL_RCCEx_PeriphCLKConfig
                0x000000000800c604      0xa7c ../../libDaisy//build/libdaisy.a(stm32h7xx_hal_rcc_ex.o)
                0x000000000800c604                HAL_RCCEx_PeriphCLKConfig
 .text.HAL_RCCEx_GetD3PCLK1Freq
                0x000000000800d080       0x24 ../../libDaisy//build/libdaisy.a(stm32h7xx_hal_rcc_ex.o)
                0x000000000800d080                HAL_RCCEx_GetD3PCLK1Freq
 .text.HAL_RCCEx_GetPLL2ClockFreq
                0x000000000800d0a4      0x17c ../../libDaisy//build/libdaisy.a(stm32h7xx_hal_rcc_ex.o)
                0x000000000800d0a4                HAL_RCCEx_GetPLL2ClockFreq
 .text.HAL_RCCEx_GetPLL3ClockFreq
                0x000000000800d220      0x17c ../../libDaisy//build/libdaisy.a(stm32h7xx_hal_rcc_ex.o)
                0x000000000800d220                HAL_RCCEx_GetPLL3ClockFreq
 .text.HAL_RCCEx_GetPLL1ClockFreq
                0x000000000800d39c      0x17c ../../libDaisy//build/libdaisy.a(stm32h7xx_hal_rcc_ex.o)
                0x000000000800d39c                HAL_RCCEx_GetPLL1ClockFreq
 .text.HAL_RCCEx_GetPeriphCLKFreq
                0x000000000800d518      0x198 ../../libDaisy//build/libdaisy.a(stm32h7xx_hal_rcc_ex.o)
                0x000000000800d518                HAL_RCCEx_GetPeriphCLKFreq
 .text.HAL_RCCEx_GetD1SysClockFreq
                0x000000000800d6b0       0x2c ../../libDaisy//build/libdaisy.a(stm32h7xx_hal_rcc_ex.o)
                0x000000000800d6b0                HAL_RCCEx_GetD1SysClockFreq
 .text.HAL_SAI_Init.part.0
                0x000000000800d6dc      0x348 ../../libDaisy//build/libdaisy.a(stm32h7xx_hal_sai.o)
 .text.HAL_SAI_InitProtocol
                0x000000000800da24      0x178 ../../libDaisy//build/libdaisy.a(stm32h7xx_hal_sai.o)
                0x000000000800da24                HAL_SAI_InitProtocol
 .text.HAL_SAI_Transmit_DMA
                0x000000000800db9c      0x124 ../../libDaisy//build/libdaisy.a(stm32h7xx_hal_sai.o)
                0x000000000800db9c                HAL_SAI_Transmit_DMA
 .text.HAL_SAI_Receive_DMA
                0x000000000800dcc0       0xd0 ../../libDaisy//build/libdaisy.a(stm32h7xx_hal_sai.o)
                0x000000000800dcc0                HAL_SAI_Receive_DMA
 .text.HAL_SAI_TxCpltCallback
                0x000000000800dd90        0x4 ../../libDaisy//build/libdaisy.a(stm32h7xx_hal_sai.o)
                0x000000000800dd90                HAL_SAI_TxCpltCallback
 .text.SAI_DMATxCplt
                0x000000000800dd94       0x64 ../../libDaisy//build/libdaisy.a(stm32h7xx_hal_sai.o)
 .text.HAL_SAI_TxHalfCpltCallback
                0x000000000800ddf8        0x4 ../../libDaisy//build/libdaisy.a(stm32h7xx_hal_sai.o)
                0x000000000800ddf8                HAL_SAI_TxHalfCpltCallback
 .text.SAI_DMATxHalfCplt
                0x000000000800ddfc        0xc ../../libDaisy//build/libdaisy.a(stm32h7xx_hal_sai.o)
 .text.SAI_DMARxCplt
                0x000000000800de08       0x64 ../../libDaisy//build/libdaisy.a(stm32h7xx_hal_sai.o)
 .text.SAI_DMARxHalfCplt
                0x000000000800de6c        0xc ../../libDaisy//build/libdaisy.a(stm32h7xx_hal_sai.o)
 .text.HAL_SAI_ErrorCallback
                0x000000000800de78        0x4 ../../libDaisy//build/libdaisy.a(stm32h7xx_hal_sai.o)
                0x000000000800de78                HAL_SAI_ErrorCallback
 .text.SAI_DMAError
                0x000000000800de7c       0x6c ../../libDaisy//build/libdaisy.a(stm32h7xx_hal_sai.o)
 .text.HAL_SDRAM_Init
                0x000000000800dee8       0x54 ../../libDaisy//build/libdaisy.a(stm32h7xx_hal_sdram.o)
                0x000000000800dee8                HAL_SDRAM_Init
 .text.HAL_SDRAM_SendCommand
                0x000000000800df3c       0x40 ../../libDaisy//build/libdaisy.a(stm32h7xx_hal_sdram.o)
                0x000000000800df3c                HAL_SDRAM_SendCommand
 .text.HAL_SDRAM_ProgramRefreshRate
                0x000000000800df7c       0x30 ../../libDaisy//build/libdaisy.a(stm32h7xx_hal_sdram.o)
                0x000000000800df7c                HAL_SDRAM_ProgramRefreshRate
 .text.FMC_SDRAM_Init
                0x000000000800dfac       0x7c ../../libDaisy//build/libdaisy.a(stm32h7xx_ll_fmc.o)
                0x000000000800dfac                FMC_SDRAM_Init
 .text.FMC_SDRAM_Timing_Init
                0x000000000800e028       0x98 ../../libDaisy//build/libdaisy.a(stm32h7xx_ll_fmc.o)
                0x000000000800e028                FMC_SDRAM_Timing_Init
 .text.FMC_SDRAM_SendCommand
                0x000000000800e0c0       0x28 ../../libDaisy//build/libdaisy.a(stm32h7xx_ll_fmc.o)
                0x000000000800e0c0                FMC_SDRAM_SendCommand
 .text.FMC_SDRAM_ProgramRefreshRate
                0x000000000800e0e8       0x1c ../../libDaisy//build/libdaisy.a(stm32h7xx_ll_fmc.o)
                0x000000000800e0e8                FMC_SDRAM_ProgramRefreshRate
 .text.USB_SetTurnaroundTime
                0x000000000800e104      0x104 ../../libDaisy//build/libdaisy.a(stm32h7xx_ll_usb.o)
                0x000000000800e104                USB_SetTurnaroundTime
 .text.USB_FlushTxFifo
                0x000000000800e208       0x34 ../../libDaisy//build/libdaisy.a(stm32h7xx_ll_usb.o)
                0x000000000800e208                USB_FlushTxFifo
 .text.USB_GetDevSpeed
                0x000000000800e23c       0x24 ../../libDaisy//build/libdaisy.a(stm32h7xx_ll_usb.o)
                0x000000000800e23c                USB_GetDevSpeed
 .text.USB_ActivateEndpoint
                0x000000000800e260       0x90 ../../libDaisy//build/libdaisy.a(stm32h7xx_ll_usb.o)
                0x000000000800e260                USB_ActivateEndpoint
 .text.USB_EPStartXfer
                0x000000000800e2f0      0x230 ../../libDaisy//build/libdaisy.a(stm32h7xx_ll_usb.o)
                0x000000000800e2f0                USB_EPStartXfer
 .text.USB_EP0StartXfer
                0x000000000800e520      0x174 ../../libDaisy//build/libdaisy.a(stm32h7xx_ll_usb.o)
                0x000000000800e520                USB_EP0StartXfer
 .text.USB_WritePacket
                0x000000000800e694       0x2c ../../libDaisy//build/libdaisy.a(stm32h7xx_ll_usb.o)
                0x000000000800e694                USB_WritePacket
 .text.USB_ReadPacket
                0x000000000800e6c0       0x20 ../../libDaisy//build/libdaisy.a(stm32h7xx_ll_usb.o)
                0x000000000800e6c0                USB_ReadPacket
 .text.USB_EPSetStall
                0x000000000800e6e0       0x68 ../../libDaisy//build/libdaisy.a(stm32h7xx_ll_usb.o)
                0x000000000800e6e0                USB_EPSetStall
 .text.USB_EPClearStall
                0x000000000800e748       0x58 ../../libDaisy//build/libdaisy.a(stm32h7xx_ll_usb.o)
                0x000000000800e748                USB_EPClearStall
 .text.USB_SetDevAddress
                0x000000000800e7a0       0x24 ../../libDaisy//build/libdaisy.a(stm32h7xx_ll_usb.o)
                0x000000000800e7a0                USB_SetDevAddress
 .text.USB_ReadInterrupts
                0x000000000800e7c4       0x14 ../../libDaisy//build/libdaisy.a(stm32h7xx_ll_usb.o)
                0x000000000800e7c4                USB_ReadInterrupts
 .text.USB_ReadDevAllOutEpInterrupt
                0x000000000800e7d8       0x1c ../../libDaisy//build/libdaisy.a(stm32h7xx_ll_usb.o)
                0x000000000800e7d8                USB_ReadDevAllOutEpInterrupt
 .text.USB_ReadDevAllInEpInterrupt
                0x000000000800e7f4       0x1c ../../libDaisy//build/libdaisy.a(stm32h7xx_ll_usb.o)
                0x000000000800e7f4                USB_ReadDevAllInEpInterrupt
 .text.USB_ReadDevOutEPInterrupt
                0x000000000800e810       0x1c ../../libDaisy//build/libdaisy.a(stm32h7xx_ll_usb.o)
                0x000000000800e810                USB_ReadDevOutEPInterrupt
 .text.USB_ReadDevInEPInterrupt
                0x000000000800e82c       0x38 ../../libDaisy//build/libdaisy.a(stm32h7xx_ll_usb.o)
                0x000000000800e82c                USB_ReadDevInEPInterrupt
 .text.USB_GetMode
                0x000000000800e864        0x8 ../../libDaisy//build/libdaisy.a(stm32h7xx_ll_usb.o)
                0x000000000800e864                USB_GetMode
 .text.USB_ActivateSetup
                0x000000000800e86c       0x38 ../../libDaisy//build/libdaisy.a(stm32h7xx_ll_usb.o)
                0x000000000800e86c                USB_ActivateSetup
 .text.USB_EP0_OutStart
                0x000000000800e8a4       0x58 ../../libDaisy//build/libdaisy.a(stm32h7xx_ll_usb.o)
                0x000000000800e8a4                USB_EP0_OutStart
 .text.USB_InitFSLSPClkSel
                0x000000000800e8fc       0x44 ../../libDaisy//build/libdaisy.a(stm32h7xx_ll_usb.o)
                0x000000000800e8fc                USB_InitFSLSPClkSel
 .text.USB_HC_ReadInterrupt
                0x000000000800e940        0x8 ../../libDaisy//build/libdaisy.a(stm32h7xx_ll_usb.o)
                0x000000000800e940                USB_HC_ReadInterrupt
 .text.USB_HC_Halt
                0x000000000800e948       0xc0 ../../libDaisy//build/libdaisy.a(stm32h7xx_ll_usb.o)
                0x000000000800e948                USB_HC_Halt
 .text.USB_StopHost
                0x000000000800ea08      0x2ec ../../libDaisy//build/libdaisy.a(stm32h7xx_ll_usb.o)
                0x000000000800ea08                USB_StopHost
 .text.USBD_SetClassConfig
                0x000000000800ecf4       0x14 ../../libDaisy//build/libdaisy.a(usbd_core.o)
                0x000000000800ecf4                USBD_SetClassConfig
 .text.USBD_ClrClassConfig
                0x000000000800ed08       0x10 ../../libDaisy//build/libdaisy.a(usbd_core.o)
                0x000000000800ed08                USBD_ClrClassConfig
 .text.USBD_LL_SetupStage
                0x000000000800ed18       0x5c ../../libDaisy//build/libdaisy.a(usbd_core.o)
                0x000000000800ed18                USBD_LL_SetupStage
 .text.USBD_LL_DataOutStage
                0x000000000800ed74       0x7c ../../libDaisy//build/libdaisy.a(usbd_core.o)
                0x000000000800ed74                USBD_LL_DataOutStage
 .text.USBD_LL_DataInStage
                0x000000000800edf0       0xcc ../../libDaisy//build/libdaisy.a(usbd_core.o)
                0x000000000800edf0                USBD_LL_DataInStage
 .text.USBD_LL_Reset
                0x000000000800eebc       0x50 ../../libDaisy//build/libdaisy.a(usbd_core.o)
                0x000000000800eebc                USBD_LL_Reset
 .text.USBD_LL_SetSpeed
                0x000000000800ef0c        0x8 ../../libDaisy//build/libdaisy.a(usbd_core.o)
                0x000000000800ef0c                USBD_LL_SetSpeed
 .text.USBD_LL_Suspend
                0x000000000800ef14       0x14 ../../libDaisy//build/libdaisy.a(usbd_core.o)
                0x000000000800ef14                USBD_LL_Suspend
 .text.USBD_LL_Resume
                0x000000000800ef28       0x10 ../../libDaisy//build/libdaisy.a(usbd_core.o)
                0x000000000800ef28                USBD_LL_Resume
 .text.USBD_LL_SOF
                0x000000000800ef38       0x1c ../../libDaisy//build/libdaisy.a(usbd_core.o)
                0x000000000800ef38                USBD_LL_SOF
 .text.USBD_LL_IsoINIncomplete
                0x000000000800ef54        0x4 ../../libDaisy//build/libdaisy.a(usbd_core.o)
                0x000000000800ef54                USBD_LL_IsoINIncomplete
 .text.USBD_LL_IsoOUTIncomplete
                0x000000000800ef58        0x4 ../../libDaisy//build/libdaisy.a(usbd_core.o)
                0x000000000800ef58                USBD_LL_IsoOUTIncomplete
 .text.USBD_LL_DevConnected
                0x000000000800ef5c        0x4 ../../libDaisy//build/libdaisy.a(usbd_core.o)
                0x000000000800ef5c                USBD_LL_DevConnected
 .text.USBD_LL_DevDisconnected
                0x000000000800ef60       0x18 ../../libDaisy//build/libdaisy.a(usbd_core.o)
                0x000000000800ef60                USBD_LL_DevDisconnected
 .text.USBD_StdDevReq
                0x000000000800ef78      0x304 ../../libDaisy//build/libdaisy.a(usbd_ctlreq.o)
                0x000000000800ef78                USBD_StdDevReq
 .text.USBD_StdItfReq
                0x000000000800f27c       0x68 ../../libDaisy//build/libdaisy.a(usbd_ctlreq.o)
                0x000000000800f27c                USBD_StdItfReq
 .text.USBD_StdEPReq
                0x000000000800f2e4      0x13c ../../libDaisy//build/libdaisy.a(usbd_ctlreq.o)
                0x000000000800f2e4                USBD_StdEPReq
 .text.USBD_ParseSetupRequest
                0x000000000800f420       0x28 ../../libDaisy//build/libdaisy.a(usbd_ctlreq.o)
                0x000000000800f420                USBD_ParseSetupRequest
 .text.USBD_CtlSendData
                0x000000000800f448       0x1c ../../libDaisy//build/libdaisy.a(usbd_ioreq.o)
                0x000000000800f448                USBD_CtlSendData
 .text.USBD_CtlContinueSendData
                0x000000000800f464       0x14 ../../libDaisy//build/libdaisy.a(usbd_ioreq.o)
                0x000000000800f464                USBD_CtlContinueSendData
 .text.USBD_CtlContinueRx
                0x000000000800f478       0x14 ../../libDaisy//build/libdaisy.a(usbd_ioreq.o)
                0x000000000800f478                USBD_CtlContinueRx
 .text.USBD_CtlSendStatus
                0x000000000800f48c       0x18 ../../libDaisy//build/libdaisy.a(usbd_ioreq.o)
                0x000000000800f48c                USBD_CtlSendStatus
 .text.USBD_CtlReceiveStatus
                0x000000000800f4a4       0x18 ../../libDaisy//build/libdaisy.a(usbd_ioreq.o)
                0x000000000800f4a4                USBD_CtlReceiveStatus
 .text.USBH_LL_IncTimer
                0x000000000800f4bc       0x20 ../../libDaisy//build/libdaisy.a(usbh_core.o)
                0x000000000800f4bc                USBH_LL_IncTimer
 .text.USBH_LL_PortEnabled
                0x000000000800f4dc        0x8 ../../libDaisy//build/libdaisy.a(usbh_core.o)
                0x000000000800f4dc                USBH_LL_PortEnabled
 .text.USBH_LL_PortDisabled
                0x000000000800f4e4        0x8 ../../libDaisy//build/libdaisy.a(usbh_core.o)
                0x000000000800f4e4                USBH_LL_PortDisabled
 .text.USBH_LL_Connect
                0x000000000800f4ec       0x18 ../../libDaisy//build/libdaisy.a(usbh_core.o)
                0x000000000800f4ec                USBH_LL_Connect
 .text.USBH_LL_Disconnect
                0x000000000800f504       0x2c ../../libDaisy//build/libdaisy.a(usbh_core.o)
                0x000000000800f504                USBH_LL_Disconnect
 .text.USBH_FreePipe
                0x000000000800f530       0x18 ../../libDaisy//build/libdaisy.a(usbh_pipes.o)
                0x000000000800f530                USBH_FreePipe
 .text._ZN5daisy6Random4InitEv
                0x000000000800f548       0x3c ../../libDaisy//build/libdaisy.a(rng.o)
                0x000000000800f548                daisy::Random::Init()
 .text._ZN5daisy9SpiHandle4Impl7InitDmaEv
                0x000000000800f584       0xec ../../libDaisy//build/libdaisy.a(spi.o)
                0x000000000800f584                daisy::SpiHandle::Impl::InitDma()
 .text._ZN5daisy9SpiHandle4Impl10StartDmaTxEPhjPFvPvEPFvS3_NS0_6ResultEES3_
                0x000000000800f670       0xc8 ../../libDaisy//build/libdaisy.a(spi.o)
                0x000000000800f670                daisy::SpiHandle::Impl::StartDmaTx(unsigned char*, unsigned int, void (*)(void*), void (*)(void*, daisy::SpiHandle::Result), void*)
 .text._ZN5daisy9SpiHandle4Impl10StartDmaRxEPhjPFvPvEPFvS3_NS0_6ResultEES3_
                0x000000000800f738       0xc8 ../../libDaisy//build/libdaisy.a(spi.o)
                0x000000000800f738                daisy::SpiHandle::Impl::StartDmaRx(unsigned char*, unsigned int, void (*)(void*), void (*)(void*, daisy::SpiHandle::Result), void*)
 .text._ZN5daisy9SpiHandle4Impl12StartDmaRxTxEPhS2_jPFvPvEPFvS3_NS0_6ResultEES3_
                0x000000000800f800       0xcc ../../libDaisy//build/libdaisy.a(spi.o)
                0x000000000800f800                daisy::SpiHandle::Impl::StartDmaRxTx(unsigned char*, unsigned char*, unsigned int, void (*)(void*), void (*)(void*, daisy::SpiHandle::Result), void*)
 .text._ZN5daisy9SpiHandle4Impl8InitPinsEv
                0x000000000800f8cc      0x274 ../../libDaisy//build/libdaisy.a(spi.o)
                0x000000000800f8cc                daisy::SpiHandle::Impl::InitPins()
 .text.HAL_SPI_MspInit
                0x000000000800fb40      0x1a8 ../../libDaisy//build/libdaisy.a(spi.o)
                0x000000000800fb40                HAL_SPI_MspInit
 .text.dsy_spi_global_init
                0x000000000800fce8       0x80 ../../libDaisy//build/libdaisy.a(spi.o)
                0x000000000800fce8                dsy_spi_global_init
 .text.SPI1_IRQHandler
                0x000000000800fd68        0xc ../../libDaisy//build/libdaisy.a(spi.o)
                0x000000000800fd68                SPI1_IRQHandler
 .text.SPI2_IRQHandler
                0x000000000800fd74        0xc ../../libDaisy//build/libdaisy.a(spi.o)
                0x000000000800fd74                SPI2_IRQHandler
 .text.SPI3_IRQHandler
                0x000000000800fd80        0xc ../../libDaisy//build/libdaisy.a(spi.o)
                0x000000000800fd80                SPI3_IRQHandler
 .text.SPI4_IRQHandler
                0x000000000800fd8c        0xc ../../libDaisy//build/libdaisy.a(spi.o)
                0x000000000800fd8c                SPI4_IRQHandler
 .text.SPI5_IRQHandler
                0x000000000800fd98        0xc ../../libDaisy//build/libdaisy.a(spi.o)
                0x000000000800fd98                SPI5_IRQHandler
 .text.DMA2_Stream2_IRQHandler
                0x000000000800fda4       0x34 ../../libDaisy//build/libdaisy.a(spi.o)
                0x000000000800fda4                DMA2_Stream2_IRQHandler
 .text.DMA2_Stream3_IRQHandler
                0x000000000800fdd8       0x38 ../../libDaisy//build/libdaisy.a(spi.o)
                0x000000000800fdd8                DMA2_Stream3_IRQHandler
 .text.HAL_SPI_TxCpltCallback
                0x000000000800fe10       0xc4 ../../libDaisy//build/libdaisy.a(spi.o)
                0x000000000800fe10                HAL_SPI_TxCpltCallback
 .text.HAL_SPI_RxCpltCallback
                0x000000000800fed4       0xc4 ../../libDaisy//build/libdaisy.a(spi.o)
                0x000000000800fed4                HAL_SPI_RxCpltCallback
 .text.HAL_SPI_TxRxCpltCallback
                0x000000000800ff98       0xc4 ../../libDaisy//build/libdaisy.a(spi.o)
                0x000000000800ff98                HAL_SPI_TxRxCpltCallback
 .text.HAL_SPI_ErrorCallback
                0x000000000801005c       0xc8 ../../libDaisy//build/libdaisy.a(spi.o)
                0x000000000801005c                HAL_SPI_ErrorCallback
 .text.startup._GLOBAL__sub_I__Z19MapInstanceToHandleP11SPI_TypeDef
                0x0000000008010124      0x1b0 ../../libDaisy//build/libdaisy.a(spi.o)
 .text.HAL_TIM_Base_MspInit
                0x00000000080102d4      0x1e0 ../../libDaisy//build/libdaisy.a(tim.o)
                0x00000000080102d4                HAL_TIM_Base_MspInit
 .text.HAL_TIM_PeriodElapsedCallback
                0x00000000080104b4       0x44 ../../libDaisy//build/libdaisy.a(tim.o)
                0x00000000080104b4                HAL_TIM_PeriodElapsedCallback
 .text.TIM2_IRQHandler
                0x00000000080104f8        0xc ../../libDaisy//build/libdaisy.a(tim.o)
                0x00000000080104f8                TIM2_IRQHandler
 .text.TIM3_IRQHandler
                0x0000000008010504        0xc ../../libDaisy//build/libdaisy.a(tim.o)
                0x0000000008010504                TIM3_IRQHandler
 .text.TIM4_IRQHandler
                0x0000000008010510        0xc ../../libDaisy//build/libdaisy.a(tim.o)
                0x0000000008010510                TIM4_IRQHandler
 .text.TIM5_IRQHandler
                0x000000000801051c        0xc ../../libDaisy//build/libdaisy.a(tim.o)
                0x000000000801051c                TIM5_IRQHandler
 .text._ZN5daisy11TimerHandle4InitERKNS0_6ConfigE
                0x0000000008010528       0xd0 ../../libDaisy//build/libdaisy.a(tim.o)
                0x0000000008010528                daisy::TimerHandle::Init(daisy::TimerHandle::Config const&)
 .text._ZN5daisy11TimerHandle5StartEv
                0x00000000080105f8       0x24 ../../libDaisy//build/libdaisy.a(tim.o)
                0x00000000080105f8                daisy::TimerHandle::Start()
 .text.startup._GLOBAL__sub_I__ZN5daisy11TimerHandle4Impl4InitERKNS0_6ConfigE
                0x000000000801061c       0x38 ../../libDaisy//build/libdaisy.a(tim.o)
 .text._ZN5daisy11UartHandler4Impl7InitDmaEbb
                0x0000000008010654      0x164 ../../libDaisy//build/libdaisy.a(uart.o)
                0x0000000008010654                daisy::UartHandler::Impl::InitDma(bool, bool)
 .text._ZN5daisy11UartHandler4Impl10HandleFifoEv
                0x00000000080107b8       0xec ../../libDaisy//build/libdaisy.a(uart.o)
                0x00000000080107b8                daisy::UartHandler::Impl::HandleFifo()
 .text._ZN5daisy11UartHandler4Impl10StartDmaTxEPhjPFvPvEPFvS3_NS0_6ResultEES3_
                0x00000000080108a4       0xcc ../../libDaisy//build/libdaisy.a(uart.o)
                0x00000000080108a4                daisy::UartHandler::Impl::StartDmaTx(unsigned char*, unsigned int, void (*)(void*), void (*)(void*, daisy::UartHandler::Result), void*)
 .text._ZN5daisy11UartHandler4Impl10StartDmaRxEPhjPFvPvEPFvS3_NS0_6ResultEES3_
                0x0000000008010970       0xcc ../../libDaisy//build/libdaisy.a(uart.o)
                0x0000000008010970                daisy::UartHandler::Impl::StartDmaRx(unsigned char*, unsigned int, void (*)(void*), void (*)(void*, daisy::UartHandler::Result), void*)
 .text._ZN5daisy11UartHandler4Impl19DmaTransferFinishedEP20__UART_HandleTypeDefNS0_6ResultE
                0x0000000008010a3c       0xc0 ../../libDaisy//build/libdaisy.a(uart.o)
                0x0000000008010a3c                daisy::UartHandler::Impl::DmaTransferFinished(__UART_HandleTypeDef*, daisy::UartHandler::Result)
 .text._ZN5daisy11UartHandler4Impl8InitPinsEv
                0x0000000008010afc      0x150 ../../libDaisy//build/libdaisy.a(uart.o)
                0x0000000008010afc                daisy::UartHandler::Impl::InitPins()
 .text.HAL_UART_MspInit
                0x0000000008010c4c      0x210 ../../libDaisy//build/libdaisy.a(uart.o)
                0x0000000008010c4c                HAL_UART_MspInit
 .text.dsy_uart_global_init
                0x0000000008010e5c       0xfc ../../libDaisy//build/libdaisy.a(uart.o)
                0x0000000008010e5c                dsy_uart_global_init
 .text.USART1_IRQHandler
                0x0000000008010f58       0x30 ../../libDaisy//build/libdaisy.a(uart.o)
                0x0000000008010f58                USART1_IRQHandler
 .text.USART2_IRQHandler
                0x0000000008010f88       0x34 ../../libDaisy//build/libdaisy.a(uart.o)
                0x0000000008010f88                USART2_IRQHandler
 .text.USART3_IRQHandler
                0x0000000008010fbc       0x34 ../../libDaisy//build/libdaisy.a(uart.o)
                0x0000000008010fbc                USART3_IRQHandler
 .text.UART4_IRQHandler
                0x0000000008010ff0       0x34 ../../libDaisy//build/libdaisy.a(uart.o)
                0x0000000008010ff0                UART4_IRQHandler
 .text.UART5_IRQHandler
                0x0000000008011024       0x34 ../../libDaisy//build/libdaisy.a(uart.o)
                0x0000000008011024                UART5_IRQHandler
 .text.USART6_IRQHandler
                0x0000000008011058       0x34 ../../libDaisy//build/libdaisy.a(uart.o)
                0x0000000008011058                USART6_IRQHandler
 .text.UART7_IRQHandler
                0x000000000801108c       0x30 ../../libDaisy//build/libdaisy.a(uart.o)
                0x000000000801108c                UART7_IRQHandler
 .text.UART8_IRQHandler
                0x00000000080110bc       0x34 ../../libDaisy//build/libdaisy.a(uart.o)
                0x00000000080110bc                UART8_IRQHandler
 .text.LPUART1_IRQHandler
                0x00000000080110f0       0x34 ../../libDaisy//build/libdaisy.a(uart.o)
                0x00000000080110f0                LPUART1_IRQHandler
 .text.DMA1_Stream5_IRQHandler
                0x0000000008011124       0x34 ../../libDaisy//build/libdaisy.a(uart.o)
                0x0000000008011124                DMA1_Stream5_IRQHandler
 .text.DMA2_Stream4_IRQHandler
                0x0000000008011158       0x34 ../../libDaisy//build/libdaisy.a(uart.o)
                0x0000000008011158                DMA2_Stream4_IRQHandler
 .text.HAL_UART_TxCpltCallback
                0x000000000801118c        0x8 ../../libDaisy//build/libdaisy.a(uart.o)
                0x000000000801118c                HAL_UART_TxCpltCallback
 .text.HAL_UART_RxCpltCallback
                0x0000000008011194        0x8 ../../libDaisy//build/libdaisy.a(uart.o)
                0x0000000008011194                HAL_UART_RxCpltCallback
 .text.HAL_UART_ErrorCallback
                0x000000000801119c        0x8 ../../libDaisy//build/libdaisy.a(uart.o)
                0x000000000801119c                HAL_UART_ErrorCallback
 .text.startup._GLOBAL__sub_I__Z19MapInstanceToHandleP13USART_TypeDef
                0x00000000080111a4      0x190 ../../libDaisy//build/libdaisy.a(uart.o)
 .text.dsy_dma_init
                0x0000000008011334      0x100 ../../libDaisy//build/libdaisy.a(dma.o)
                0x0000000008011334                dsy_dma_init
 .text.HAL_MDMA_Abort_IT
                0x0000000008011434       0x2c ../../libDaisy//build/libdaisy.a(stm32h7xx_hal_mdma.o)
                0x0000000008011434                HAL_MDMA_Abort_IT
 .text.SPI_CloseTransfer
                0x0000000008011460       0xb8 ../../libDaisy//build/libdaisy.a(stm32h7xx_hal_spi.o)
 .text.HAL_SPI_Init
                0x0000000008011518      0x15c ../../libDaisy//build/libdaisy.a(stm32h7xx_hal_spi.o)
                0x0000000008011518                HAL_SPI_Init
 .text.HAL_SPI_Transmit_DMA
                0x0000000008011674      0x170 ../../libDaisy//build/libdaisy.a(stm32h7xx_hal_spi.o)
                0x0000000008011674                HAL_SPI_Transmit_DMA
 .text.HAL_SPI_TransmitReceive_DMA
                0x00000000080117e4      0x218 ../../libDaisy//build/libdaisy.a(stm32h7xx_hal_spi.o)
                0x00000000080117e4                HAL_SPI_TransmitReceive_DMA
 .text.HAL_SPI_Receive_DMA
                0x00000000080119fc      0x1b4 ../../libDaisy//build/libdaisy.a(stm32h7xx_hal_spi.o)
                0x00000000080119fc                HAL_SPI_Receive_DMA
 .text.SPI_DMATransmitCplt
                0x0000000008011bb0       0x28 ../../libDaisy//build/libdaisy.a(stm32h7xx_hal_spi.o)
 .text.SPI_DMAReceiveCplt
                0x0000000008011bd8       0x28 ../../libDaisy//build/libdaisy.a(stm32h7xx_hal_spi.o)
 .text.SPI_DMATransmitReceiveCplt
                0x0000000008011c00       0x28 ../../libDaisy//build/libdaisy.a(stm32h7xx_hal_spi.o)
 .text.HAL_SPI_TxHalfCpltCallback
                0x0000000008011c28        0x4 ../../libDaisy//build/libdaisy.a(stm32h7xx_hal_spi.o)
                0x0000000008011c28                HAL_SPI_TxHalfCpltCallback
 .text.SPI_DMAHalfTransmitCplt
                0x0000000008011c2c        0xc ../../libDaisy//build/libdaisy.a(stm32h7xx_hal_spi.o)
 .text.HAL_SPI_RxHalfCpltCallback
                0x0000000008011c38        0x4 ../../libDaisy//build/libdaisy.a(stm32h7xx_hal_spi.o)
                0x0000000008011c38                HAL_SPI_RxHalfCpltCallback
 .text.SPI_DMAHalfReceiveCplt
                0x0000000008011c3c        0xc ../../libDaisy//build/libdaisy.a(stm32h7xx_hal_spi.o)
 .text.HAL_SPI_TxRxHalfCpltCallback
                0x0000000008011c48        0x4 ../../libDaisy//build/libdaisy.a(stm32h7xx_hal_spi.o)
                0x0000000008011c48                HAL_SPI_TxRxHalfCpltCallback
 .text.SPI_DMAHalfTransmitReceiveCplt
                0x0000000008011c4c        0xc ../../libDaisy//build/libdaisy.a(stm32h7xx_hal_spi.o)
 .text.SPI_DMAError
                0x0000000008011c58       0xd8 ../../libDaisy//build/libdaisy.a(stm32h7xx_hal_spi.o)
 .text.HAL_SPI_IRQHandler
                0x0000000008011d30      0x23c ../../libDaisy//build/libdaisy.a(stm32h7xx_hal_spi.o)
                0x0000000008011d30                HAL_SPI_IRQHandler
 .text.SPI_DMAAbortOnError
                0x0000000008011f6c       0x1c ../../libDaisy//build/libdaisy.a(stm32h7xx_hal_spi.o)
 .text.HAL_SPI_GetState
                0x0000000008011f88        0x8 ../../libDaisy//build/libdaisy.a(stm32h7xx_hal_spi.o)
                0x0000000008011f88                HAL_SPI_GetState
 .text.HAL_TIM_Base_Init
                0x0000000008011f90      0x140 ../../libDaisy//build/libdaisy.a(stm32h7xx_hal_tim.o)
                0x0000000008011f90                HAL_TIM_Base_Init
 .text.HAL_TIM_Base_Start
                0x00000000080120d0       0x34 ../../libDaisy//build/libdaisy.a(stm32h7xx_hal_tim.o)